Archive member included to satisfy reference by file (symbol)

/home/ylo/.pico-sdk/toolchain/13_3_Rel1/bin/../lib/gcc/arm-none-eabi/13.3.1/thumb/v6-m/nofp/libgcc.a(_dvmd_tls.o)
                              CMakeFiles/One_Shot.dir/home/ylo/.pico-sdk/sdk/2.1.0/src/rp2_common/pico_divider/divider_hardware.S.o (__aeabi_idiv0)
/home/ylo/.pico-sdk/toolchain/13_3_Rel1/bin/../lib/gcc/arm-none-eabi/13.3.1/../../../../arm-none-eabi/lib/thumb/v6-m/nofp/libg.a(libc_a-strlen-stub.o)
                              CMakeFiles/One_Shot.dir/home/ylo/.pico-sdk/sdk/2.1.0/src/rp2_common/pico_stdio/stdio.c.o (strlen)
/home/ylo/.pico-sdk/toolchain/13_3_Rel1/bin/../lib/gcc/arm-none-eabi/13.3.1/../../../../arm-none-eabi/lib/thumb/v6-m/nofp/libg.a(libc_a-malloc.o)
                              CMakeFiles/One_Shot.dir/home/ylo/.pico-sdk/sdk/2.1.0/src/rp2_common/pico_malloc/malloc.c.o (malloc)
/home/ylo/.pico-sdk/toolchain/13_3_Rel1/bin/../lib/gcc/arm-none-eabi/13.3.1/../../../../arm-none-eabi/lib/thumb/v6-m/nofp/libg.a(libc_a-mallocr.o)
                              /home/ylo/.pico-sdk/toolchain/13_3_Rel1/bin/../lib/gcc/arm-none-eabi/13.3.1/../../../../arm-none-eabi/lib/thumb/v6-m/nofp/libg.a(libc_a-malloc.o) (_malloc_r)
/home/ylo/.pico-sdk/toolchain/13_3_Rel1/bin/../lib/gcc/arm-none-eabi/13.3.1/../../../../arm-none-eabi/lib/thumb/v6-m/nofp/libg.a(libc_a-lcltime_r.o)
                              CMakeFiles/One_Shot.dir/home/ylo/.pico-sdk/sdk/2.1.0/src/common/pico_util/datetime.c.o (localtime_r)
/home/ylo/.pico-sdk/toolchain/13_3_Rel1/bin/../lib/gcc/arm-none-eabi/13.3.1/../../../../arm-none-eabi/lib/thumb/v6-m/nofp/libg.a(libc_a-sbrkr.o)
                              /home/ylo/.pico-sdk/toolchain/13_3_Rel1/bin/../lib/gcc/arm-none-eabi/13.3.1/../../../../arm-none-eabi/lib/thumb/v6-m/nofp/libg.a(libc_a-mallocr.o) (_sbrk_r)
/home/ylo/.pico-sdk/toolchain/13_3_Rel1/bin/../lib/gcc/arm-none-eabi/13.3.1/../../../../arm-none-eabi/lib/thumb/v6-m/nofp/libg.a(libc_a-mktime.o)
                              CMakeFiles/One_Shot.dir/home/ylo/.pico-sdk/sdk/2.1.0/src/common/pico_util/datetime.c.o (mktime)
/home/ylo/.pico-sdk/toolchain/13_3_Rel1/bin/../lib/gcc/arm-none-eabi/13.3.1/../../../../arm-none-eabi/lib/thumb/v6-m/nofp/libg.a(libc_a-month_lengths.o)
                              /home/ylo/.pico-sdk/toolchain/13_3_Rel1/bin/../lib/gcc/arm-none-eabi/13.3.1/../../../../arm-none-eabi/lib/thumb/v6-m/nofp/libg.a(libc_a-lcltime_r.o) (__month_lengths)
/home/ylo/.pico-sdk/toolchain/13_3_Rel1/bin/../lib/gcc/arm-none-eabi/13.3.1/../../../../arm-none-eabi/lib/thumb/v6-m/nofp/libg.a(libc_a-tzcalc_limits.o)
                              /home/ylo/.pico-sdk/toolchain/13_3_Rel1/bin/../lib/gcc/arm-none-eabi/13.3.1/../../../../arm-none-eabi/lib/thumb/v6-m/nofp/libg.a(libc_a-lcltime_r.o) (__tzcalc_limits)
/home/ylo/.pico-sdk/toolchain/13_3_Rel1/bin/../lib/gcc/arm-none-eabi/13.3.1/../../../../arm-none-eabi/lib/thumb/v6-m/nofp/libg.a(libc_a-tzlock.o)
                              /home/ylo/.pico-sdk/toolchain/13_3_Rel1/bin/../lib/gcc/arm-none-eabi/13.3.1/../../../../arm-none-eabi/lib/thumb/v6-m/nofp/libg.a(libc_a-lcltime_r.o) (__tz_lock)
/home/ylo/.pico-sdk/toolchain/13_3_Rel1/bin/../lib/gcc/arm-none-eabi/13.3.1/../../../../arm-none-eabi/lib/thumb/v6-m/nofp/libg.a(libc_a-tzset.o)
                              /home/ylo/.pico-sdk/toolchain/13_3_Rel1/bin/../lib/gcc/arm-none-eabi/13.3.1/../../../../arm-none-eabi/lib/thumb/v6-m/nofp/libg.a(libc_a-lcltime_r.o) (_tzset_unlocked)
/home/ylo/.pico-sdk/toolchain/13_3_Rel1/bin/../lib/gcc/arm-none-eabi/13.3.1/../../../../arm-none-eabi/lib/thumb/v6-m/nofp/libg.a(libc_a-mlock.o)
                              /home/ylo/.pico-sdk/toolchain/13_3_Rel1/bin/../lib/gcc/arm-none-eabi/13.3.1/../../../../arm-none-eabi/lib/thumb/v6-m/nofp/libg.a(libc_a-mallocr.o) (__malloc_lock)
/home/ylo/.pico-sdk/toolchain/13_3_Rel1/bin/../lib/gcc/arm-none-eabi/13.3.1/../../../../arm-none-eabi/lib/thumb/v6-m/nofp/libg.a(libc_a-calloc.o)
                              CMakeFiles/One_Shot.dir/home/ylo/.pico-sdk/sdk/2.1.0/src/rp2_common/pico_malloc/malloc.c.o (calloc)
/home/ylo/.pico-sdk/toolchain/13_3_Rel1/bin/../lib/gcc/arm-none-eabi/13.3.1/../../../../arm-none-eabi/lib/thumb/v6-m/nofp/libg.a(libc_a-memcmp.o)
                              CMakeFiles/One_Shot.dir/home/ylo/.pico-sdk/sdk/2.1.0/src/rp2_common/pico_atomic/atomic.c.o (memcmp)
/home/ylo/.pico-sdk/toolchain/13_3_Rel1/bin/../lib/gcc/arm-none-eabi/13.3.1/../../../../arm-none-eabi/lib/thumb/v6-m/nofp/libg.a(libc_a-callocr.o)
                              /home/ylo/.pico-sdk/toolchain/13_3_Rel1/bin/../lib/gcc/arm-none-eabi/13.3.1/../../../../arm-none-eabi/lib/thumb/v6-m/nofp/libg.a(libc_a-calloc.o) (_calloc_r)
/home/ylo/.pico-sdk/toolchain/13_3_Rel1/bin/../lib/gcc/arm-none-eabi/13.3.1/../../../../arm-none-eabi/lib/thumb/v6-m/nofp/libg.a(libc_a-div.o)
[...]
Memory Configuration

Name             Origin             Length             Attributes
FLASH            0x10000000         0x00200000         xr
RAM              0x20000000         0x00040000         xrw
SCRATCH_X        0x20040000         0x00001000         xrw
SCRATCH_Y        0x20041000         0x00001000         xrw
*default*        0x00000000         0xffffffff

Linker script and memory map

LOAD /home/ylo/.pico-sdk/toolchain/13_3_Rel1/bin/../lib/gcc/arm-none-eabi/13.3.1/thumb/v6-m/nofp/crti.o
LOAD /home/ylo/.pico-sdk/toolchain/13_3_Rel1/bin/../lib/gcc/arm-none-eabi/13.3.1/thumb/v6-m/nofp/crtbegin.o
LOAD /home/ylo/.pico-sdk/toolchain/13_3_Rel1/bin/../lib/gcc/arm-none-eabi/13.3.1/../../../../arm-none-eabi/lib/thumb/v6-m/nofp/crt0.o

.flash_begin    0x10000000        0x0
                0x10000000                        __flash_binary_start = .

.boot2          0x10000000      0x100
                0x10000000                        __boot2_start__ = .
 *(.boot2)
 .boot2         0x10000000      0x100 pico-sdk/src/rp2040/boot_stage2/CMakeFiles/bs2_default_library.dir/./bs2_default_padded_checksummed.S.o
                0x10000100                        __boot2_end__ = .
                0x00000001                        ASSERT (((__boot2_end__ - __boot2_start__) == 0x100), ERROR: Pico second stage bootloader must be 256 bytes in size)

.text           0x10000100     0x4abc
                0x10000100                        __logical_binary_start = .
 *(.vectors)
 .vectors       0x10000100       0xd4 CMakeFiles/One_Shot.dir/home/ylo/.pico-sdk/sdk/2.1.0/src/rp2_common/pico_crt0/crt0.S.o
                0x10000100                __vectors
                0x10000100                __VECTOR_TABLE
                0x100001c0                isr_invalid
                0x100001c0                __default_isrs_start
                0x100001c2                isr_nmi
                0x100001c4                isr_hardfault
                0x100001c6                isr_svcall
                0x100001c8                isr_pendsv
                0x100001ca                isr_systick
                0x100001cc                isr_irq30
                0x100001cc                __unhandled_user_irq
                0x100001cc                isr_irq13
                0x100001cc                isr_irq27
                0x100001cc                isr_irq31
                0x100001cc                isr_irq5
                0x100001cc                isr_irq11
                0x100001cc                isr_irq23
                0x100001cc                isr_irq18
                0x100001cc                isr_irq28
                0x100001cc                isr_irq19
                0x100001cc                isr_irq0
                0x100001cc                isr_irq6
                0x100001cc                isr_irq22
                0x100001cc                isr_irq17
                0x100001cc                isr_irq14
                0x100001cc                isr_irq2
                0x100001cc                isr_irq10
                0x100001cc                isr_irq8
                0x100001cc                isr_irq24
                0x100001cc                isr_irq1
                0x100001cc                isr_irq7
                0x100001cc                isr_irq21
                0x100001cc                isr_irq20
                0x100001cc                isr_irq15
                0x100001cc                isr_irq25
                0x100001cc                isr_irq4
                0x100001cc                isr_irq16
                0x100001cc                isr_irq29
                0x100001cc                isr_irq26
                0x100001cc                __default_isrs_end
                0x100001cc                isr_irq3
                0x100001cc                isr_irq12
                0x100001cc                isr_irq9
                0x100001d2                unhandled_user_irq_num_in_r0
 *(.binary_info_header)
 .binary_info_header
                0x100001d4       0x14 CMakeFiles/One_Shot.dir/home/ylo/.pico-sdk/sdk/2.1.0/src/rp2_common/pico_crt0/crt0.S.o
                0x100001e8                        __binary_info_header_end = .
 *(.embedded_block)
                0x100001e8                        __embedded_block_end = .
 *(.reset)
 .reset         0x100001e8       0x9c CMakeFiles/One_Shot.dir/home/ylo/.pico-sdk/sdk/2.1.0/src/rp2_common/pico_crt0/crt0.S.o
                0x100001e8                _entry_point
 *(.init)
 .init          0x10000284        0x4 /home/ylo/.pico-sdk/toolchain/13_3_Rel1/bin/../lib/gcc/arm-none-eabi/13.3.1/thumb/v6-m/nofp/crti.o
                0x10000284                _init
 *(EXCLUDE_FILE(*libm.a: *libc.a:*lib_a-mem*.o *libgcc.a:) .text*)
 .text.register_tm_clones
                0x10000288       0x28 /home/ylo/.pico-sdk/toolchain/13_3_Rel1/bin/../lib/gcc/arm-none-eabi/13.3.1/thumb/v6-m/nofp/crtbegin.o
 .text.frame_dummy
                0x100002b0       0x24 /home/ylo/.pico-sdk/toolchain/13_3_Rel1/bin/../lib/gcc/arm-none-eabi/13.3.1/thumb/v6-m/nofp/crtbegin.o
 .text.turn_off_azul
                0x100002d4       0x18 CMakeFiles/One_Shot.dir/One_Shot.c.o
                0x100002d4                turn_off_azul
 .text.button_callback
                0x100002ec       0x6c CMakeFiles/One_Shot.dir/One_Shot.c.o
                0x100002ec                button_callback
 .text.turn_off_vermelho
                0x10000358       0x50 CMakeFiles/One_Shot.dir/One_Shot.c.o
                0x10000358                turn_off_vermelho
 .text.turn_off_verde
                0x100003a8       0x50 CMakeFiles/One_Shot.dir/One_Shot.c.o
                0x100003a8                turn_off_verde
 .text.startup.main
                0x100003f8       0x60 CMakeFiles/One_Shot.dir/One_Shot.c.o
                0x100003f8                main
 .text.gpio_default_irq_handler
                0x10000458      0x274 CMakeFiles/One_Shot.dir/home/ylo/.pico-sdk/sdk/2.1.0/src/rp2_common/hardware_gpio/gpio.c.o
 .text.gpio_set_pulls
                0x100006cc       0x28 CMakeFiles/One_Shot.dir/home/ylo/.pico-sdk/sdk/2.1.0/src/rp2_common/hardware_gpio/gpio.c.o
                0x100006cc                gpio_set_pulls
 .text.gpio_set_irq_enabled_with_callback
                0x100006f4       0xd0 CMakeFiles/One_Shot.dir/home/ylo/.pico-sdk/sdk/2.1.0/src/rp2_common/hardware_gpio/gpio.c.o
                0x100006f4                gpio_set_irq_enabled_with_callback
 .text.gpio_init
                0x100007c4       0x40 CMakeFiles/One_Shot.dir/home/ylo/.pico-sdk/sdk/2.1.0/src/rp2_common/hardware_gpio/gpio.c.o
                0x100007c4                gpio_init
 .text.rp2040_chip_version
                0x10000804        0xc CMakeFiles/One_Shot.dir/home/ylo/.pico-sdk/sdk/2.1.0/src/rp2040/pico_platform/platform.c.o
                0x10000804                rp2040_chip_version
 .text.panic    0x10000810       0x30 CMakeFiles/One_Shot.dir/home/ylo/.pico-sdk/sdk/2.1.0/src/rp2_common/pico_platform_panic/panic.c.o
                0x10000810                panic
 .text.hw_claim_or_assert
                0x10000840       0x44 CMakeFiles/One_Shot.dir/home/ylo/.pico-sdk/sdk/2.1.0/src/common/hardware_claim/claim.c.o
                0x10000840                hw_claim_or_assert
 .text.hw_claim_unused_from_range
                0x10000884       0x9c CMakeFiles/One_Shot.dir/home/ylo/.pico-sdk/sdk/2.1.0/src/common/hardware_claim/claim.c.o
                0x10000884                hw_claim_unused_from_range
 .text.next_striped_spin_lock_num
                0x10000920       0x18 CMakeFiles/One_Shot.dir/home/ylo/.pico-sdk/sdk/2.1.0/src/rp2_common/hardware_sync/sync.c.o
                0x10000920                next_striped_spin_lock_num
 .text.spin_lock_claim_unused
                0x10000938       0x24 CMakeFiles/One_Shot.dir/home/ylo/.pico-sdk/sdk/2.1.0/src/rp2_common/hardware_sync/sync.c.o
                0x10000938                spin_lock_claim_unused
 .text.spin_locks_reset
                0x1000095c       0x1c CMakeFiles/One_Shot.dir/home/ylo/.pico-sdk/sdk/2.1.0/src/rp2_common/hardware_sync_spin_lock/sync_spin_lock.c.o
                0x1000095c                spin_locks_reset
 .text.runtime_init_per_core_irq_priorities
                0x10000978       0x24 CMakeFiles/One_Shot.dir/home/ylo/.pico-sdk/sdk/2.1.0/src/rp2_common/hardware_irq/irq.c.o
                0x10000978                runtime_init_per_core_irq_priorities
 .text.irq_set_enabled
                0x1000099c       0x24 CMakeFiles/One_Shot.dir/home/ylo/.pico-sdk/sdk/2.1.0/src/rp2_common/hardware_irq/irq.c.o
                0x1000099c                irq_set_enabled
 .text.irq_is_enabled
                0x100009c0       0x18 CMakeFiles/One_Shot.dir/home/ylo/.pico-sdk/sdk/2.1.0/src/rp2_common/hardware_irq/irq.c.o
                0x100009c0                irq_is_enabled
 .text.irq_set_pending
                0x100009d8       0x10 CMakeFiles/One_Shot.dir/home/ylo/.pico-sdk/sdk/2.1.0/src/rp2_common/hardware_irq/irq.c.o
                0x100009d8                irq_set_pending
 .text.irq_has_shared_handler
                0x100009e8       0x2c CMakeFiles/One_Shot.dir/home/ylo/.pico-sdk/sdk/2.1.0/src/rp2_common/hardware_irq/irq.c.o
                0x100009e8                irq_has_shared_handler
 .text.irq_set_exclusive_handler
                0x10000a14       0x54 CMakeFiles/One_Shot.dir/home/ylo/.pico-sdk/sdk/2.1.0/src/rp2_common/hardware_irq/irq.c.o
                0x10000a14                irq_set_exclusive_handler
 .text.irq_add_shared_handler
                0x10000a68      0x1f4 CMakeFiles/One_Shot.dir/home/ylo/.pico-sdk/sdk/2.1.0/src/rp2_common/hardware_irq/irq.c.o
                0x10000a68                irq_add_shared_handler
 .text.irq_remove_handler
                0x10000c5c      0x1d4 CMakeFiles/One_Shot.dir/home/ylo/.pico-sdk/sdk/2.1.0/src/rp2_common/hardware_irq/irq.c.o
                0x10000c5c                irq_remove_handler
 .text.irq_add_tail_to_free_list
                0x10000e30       0xb4 CMakeFiles/One_Shot.dir/home/ylo/.pico-sdk/sdk/2.1.0/src/rp2_common/hardware_irq/irq.c.o
                0x10000e30                irq_add_tail_to_free_list
 .text.user_irq_claim_unused
                0x10000ee4       0x2c CMakeFiles/One_Shot.dir/home/ylo/.pico-sdk/sdk/2.1.0/src/rp2_common/hardware_irq/irq.c.o
                0x10000ee4                user_irq_claim_unused
 .text.lock_init
                0x10000f10       0x10 CMakeFiles/One_Shot.dir/home/ylo/.pico-sdk/sdk/2.1.0/src/common/pico_sync/lock_core.c.o
                0x10000f10                lock_init
 .text.runtime_init_mutex
                0x10000f20       0x50 CMakeFiles/One_Shot.dir/home/ylo/.pico-sdk/sdk/2.1.0/src/common/pico_sync/mutex.c.o
                0x10000f20                runtime_init_mutex
 .text.mutex_init
                0x10000f70       0x1c CMakeFiles/One_Shot.dir/home/ylo/.pico-sdk/sdk/2.1.0/src/common/pico_sync/mutex.c.o
                0x10000f70                mutex_init
 .text.critical_section_init
                0x10000f8c       0x1c CMakeFiles/One_Shot.dir/home/ylo/.pico-sdk/sdk/2.1.0/src/common/pico_sync/critical_section.c.o
                0x10000f8c                critical_section_init
 .text.critical_section_init_with_lock_num
                0x10000fa8       0x14 CMakeFiles/One_Shot.dir/home/ylo/.pico-sdk/sdk/2.1.0/src/common/pico_sync/critical_section.c.o
                0x10000fa8                critical_section_init_with_lock_num
 .text.sleep_until_callback
                0x10000fbc       0x30 CMakeFiles/One_Shot.dir/home/ylo/.pico-sdk/sdk/2.1.0/src/common/pico_time/time.c.o
 .text.alarm_pool_irq_handler
                0x10000fec      0x2fc CMakeFiles/One_Shot.dir/home/ylo/.pico-sdk/sdk/2.1.0/src/common/pico_time/time.c.o
 .text.runtime_init_default_alarm_pool
                0x100012e8       0xdc CMakeFiles/One_Shot.dir/home/ylo/.pico-sdk/sdk/2.1.0/src/common/pico_time/time.c.o
                0x100012e8                runtime_init_default_alarm_pool
 .text.alarm_pool_get_default
                0x100013c4        0x8 CMakeFiles/One_Shot.dir/home/ylo/.pico-sdk/sdk/2.1.0/src/common/pico_time/time.c.o
                0x100013c4                alarm_pool_get_default
 .text.alarm_pool_add_alarm_at
                0x100013cc       0xd4 CMakeFiles/One_Shot.dir/home/ylo/.pico-sdk/sdk/2.1.0/src/common/pico_time/time.c.o
                0x100013cc                alarm_pool_add_alarm_at
 .text.alarm_pool_add_alarm_at_force_in_context
                0x100014a0       0xb0 CMakeFiles/One_Shot.dir/home/ylo/.pico-sdk/sdk/2.1.0/src/common/pico_time/time.c.o
                0x100014a0                alarm_pool_add_alarm_at_force_in_context
 .text.alarm_pool_cancel_alarm
                0x10001550       0x74 CMakeFiles/One_Shot.dir/home/ylo/.pico-sdk/sdk/2.1.0/src/common/pico_time/time.c.o
                0x10001550                alarm_pool_cancel_alarm
 .text.alarm_pool_core_num
                0x100015c4        0x4 CMakeFiles/One_Shot.dir/home/ylo/.pico-sdk/sdk/2.1.0/src/common/pico_time/time.c.o
                0x100015c4                alarm_pool_core_num
 .text.sleep_until
                0x100015c8       0xd8 CMakeFiles/One_Shot.dir/home/ylo/.pico-sdk/sdk/2.1.0/src/common/pico_time/time.c.o
                0x100015c8                sleep_until
 .text.sleep_ms
                0x100016a0       0x38 CMakeFiles/One_Shot.dir/home/ylo/.pico-sdk/sdk/2.1.0/src/common/pico_time/time.c.o
                0x100016a0                sleep_ms
 .text.best_effort_wfe_or_timeout
                0x100016d8       0xe0 CMakeFiles/One_Shot.dir/home/ylo/.pico-sdk/sdk/2.1.0/src/common/pico_time/time.c.o
                0x100016d8                best_effort_wfe_or_timeout
 .text.timer_hardware_alarm_claim
                0x100017b8       0x14 CMakeFiles/One_Shot.dir/home/ylo/.pico-sdk/sdk/2.1.0/src/rp2_common/hardware_timer/timer.c.o
                0x100017b8                timer_hardware_alarm_claim
 .text.timer_time_us_64
                0x100017cc       0x10 CMakeFiles/One_Shot.dir/home/ylo/.pico-sdk/sdk/2.1.0/src/rp2_common/hardware_timer/timer.c.o
                0x100017cc                timer_time_us_64
 .text.time_us_64
                0x100017dc       0x14 CMakeFiles/One_Shot.dir/home/ylo/.pico-sdk/sdk/2.1.0/src/rp2_common/hardware_timer/timer.c.o
                0x100017dc                time_us_64
 .text.busy_wait_until
                0x100017f0       0x20 CMakeFiles/One_Shot.dir/home/ylo/.pico-sdk/sdk/2.1.0/src/rp2_common/hardware_timer/timer.c.o
                0x100017f0                busy_wait_until
 .text.clock_configure_int_divider
                0x10001810       0xf4 CMakeFiles/One_Shot.dir/home/ylo/.pico-sdk/sdk/2.1.0/src/rp2_common/hardware_clocks/clocks.c.o
                0x10001810                clock_configure_int_divider
 .text.clock_configure_undivided
                0x10001904       0xe8 CMakeFiles/One_Shot.dir/home/ylo/.pico-sdk/sdk/2.1.0/src/rp2_common/hardware_clocks/clocks.c.o
                0x10001904                clock_configure_undivided
 .text.clock_get_hz
                0x100019ec        0xc CMakeFiles/One_Shot.dir/home/ylo/.pico-sdk/sdk/2.1.0/src/rp2_common/hardware_clocks/clocks.c.o
                0x100019ec                clock_get_hz
 .text.pll_init
                0x100019f8       0xa4 CMakeFiles/One_Shot.dir/home/ylo/.pico-sdk/sdk/2.1.0/src/rp2_common/hardware_pll/pll.c.o
                0x100019f8                pll_init
 .text.watchdog_reboot
                0x10001a9c       0x9c CMakeFiles/One_Shot.dir/home/ylo/.pico-sdk/sdk/2.1.0/src/rp2_common/hardware_watchdog/watchdog.c.o
                0x10001a9c                watchdog_reboot
 .text.tick_start
                0x10001b38       0x10 CMakeFiles/One_Shot.dir/home/ylo/.pico-sdk/sdk/2.1.0/src/rp2_common/hardware_ticks/ticks.c.o
                0x10001b38                tick_start
 .text.rom_func_lookup
                0x10001b48       0x10 CMakeFiles/One_Shot.dir/home/ylo/.pico-sdk/sdk/2.1.0/src/rp2_common/pico_bootrom/bootrom.c.o
                0x10001b48                rom_func_lookup
 .text.rom_data_lookup
                0x10001b58       0x10 CMakeFiles/One_Shot.dir/home/ylo/.pico-sdk/sdk/2.1.0/src/rp2_common/pico_bootrom/bootrom.c.o
                0x10001b58                rom_data_lookup
 .text.rom_funcs_lookup
                0x10001b68       0x44 CMakeFiles/One_Shot.dir/home/ylo/.pico-sdk/sdk/2.1.0/src/rp2_common/pico_bootrom/bootrom.c.o
                0x10001b68                rom_funcs_lookup
 .text.rom_reset_usb_boot_extra
                0x10001bac       0x28 CMakeFiles/One_Shot.dir/home/ylo/.pico-sdk/sdk/2.1.0/src/rp2_common/pico_bootrom/bootrom.c.o
                0x10001bac                rom_reset_usb_boot_extra
 .text.xosc_init
                0x10001bd4       0x28 CMakeFiles/One_Shot.dir/home/ylo/.pico-sdk/sdk/2.1.0/src/rp2_common/hardware_xosc/xosc.c.o
                0x10001bd4                xosc_init
 .text.first_per_core_initializer
                0x10001bfc        0x4 CMakeFiles/One_Shot.dir/home/ylo/.pico-sdk/sdk/2.1.0/src/rp2_common/pico_runtime/runtime.c.o
 .text.hard_assertion_failure
                0x10001c00        0xc CMakeFiles/One_Shot.dir/home/ylo/.pico-sdk/sdk/2.1.0/src/rp2_common/pico_runtime/runtime.c.o
                0x10001c00                hard_assertion_failure
 .text.runtime_run_initializers
                0x10001c0c       0x28 CMakeFiles/One_Shot.dir/home/ylo/.pico-sdk/sdk/2.1.0/src/rp2_common/pico_runtime/runtime.c.o
                0x10001c0c                runtime_run_initializers
 .text.runtime_init_early_resets
                0x10001c34       0x2c CMakeFiles/One_Shot.dir/home/ylo/.pico-sdk/sdk/2.1.0/src/rp2_common/pico_runtime_init/runtime_init.c.o
                0x10001c34                runtime_init_early_resets
 .text.runtime_init_usb_power_down
                0x10001c60       0x1c CMakeFiles/One_Shot.dir/home/ylo/.pico-sdk/sdk/2.1.0/src/rp2_common/pico_runtime_init/runtime_init.c.o
                0x10001c60                runtime_init_usb_power_down
 .text.runtime_init_post_clock_resets
                0x10001c7c       0x20 CMakeFiles/One_Shot.dir/home/ylo/.pico-sdk/sdk/2.1.0/src/rp2_common/pico_runtime_init/runtime_init.c.o
                0x10001c7c                runtime_init_post_clock_resets
 .text.runtime_init_rp2040_gpio_ie_disable
                0x10001c9c       0x14 CMakeFiles/One_Shot.dir/home/ylo/.pico-sdk/sdk/2.1.0/src/rp2_common/pico_runtime_init/runtime_init.c.o
                0x10001c9c                runtime_init_rp2040_gpio_ie_disable
 .text.runtime_init_spin_locks_reset
                0x10001cb0        0x8 CMakeFiles/One_Shot.dir/home/ylo/.pico-sdk/sdk/2.1.0/src/rp2_common/pico_runtime_init/runtime_init.c.o
                0x10001cb0                runtime_init_spin_locks_reset
 .text.runtime_init_install_ram_vector_table
                0x10001cb8       0x1c CMakeFiles/One_Shot.dir/home/ylo/.pico-sdk/sdk/2.1.0/src/rp2_common/pico_runtime_init/runtime_init.c.o
                0x10001cb8                runtime_init_install_ram_vector_table
 .text.runtime_init_clocks
                0x10001cd4       0xd8 CMakeFiles/One_Shot.dir/home/ylo/.pico-sdk/sdk/2.1.0/src/rp2_common/pico_runtime_init/runtime_init_clocks.c.o
                0x10001cd4                runtime_init_clocks
 .text          0x10001dac       0x10 CMakeFiles/One_Shot.dir/home/ylo/.pico-sdk/sdk/2.1.0/src/rp2_common/pico_bit_ops/bit_ops_aeabi.S.o
 .text.__wrap___aeabi_uidiv
                0x10001dbc       0x4c CMakeFiles/One_Shot.dir/home/ylo/.pico-sdk/sdk/2.1.0/src/rp2_common/pico_divider/divider_hardware.S.o
                0x10001dbc                __wrap___aeabi_uidiv
                0x10001dbc                __wrap___aeabi_uidivmod
                0x10001dbc                div_u32u32
                0x10001dbc                divmod_u32u32
                0x10001dc4                divmod_u32u32_unsafe
                0x10001dec                divmod_u32u32_savestate
 .text.missing_double_func_shim
                0x10001e08        0xc CMakeFiles/One_Shot.dir/home/ylo/.pico-sdk/sdk/2.1.0/src/rp2_common/pico_double/double_init_rom_rp2040.c.o
 .text.__aeabi_double_init
                0x10001e14       0xa0 CMakeFiles/One_Shot.dir/home/ylo/.pico-sdk/sdk/2.1.0/src/rp2_common/pico_double/double_init_rom_rp2040.c.o
                0x10001e14                __aeabi_double_init
 .text.double_table_shim_on_use_helper
                0x10001eb4       0x2c CMakeFiles/One_Shot.dir/home/ylo/.pico-sdk/sdk/2.1.0/src/rp2_common/pico_double/double_v1_rom_shim_rp2040.S.o
                0x10001eb4                double_table_shim_on_use_helper
 .text.__aeabi_lmul
                0x10001ee0       0x32 CMakeFiles/One_Shot.dir/home/ylo/.pico-sdk/sdk/2.1.0/src/rp2_common/pico_int64_ops/pico_int64_ops_aeabi.S.o
                0x10001ee0                __wrap___aeabi_lmul
 *fill*         0x10001f12        0x2 
 .text.missing_float_func_shim
                0x10001f14        0xc CMakeFiles/One_Shot.dir/home/ylo/.pico-sdk/sdk/2.1.0/src/rp2_common/pico_float/float_init_rom_rp2040.c.o
 .text.__aeabi_float_init
                0x10001f20       0x5c CMakeFiles/One_Shot.dir/home/ylo/.pico-sdk/sdk/2.1.0/src/rp2_common/pico_float/float_init_rom_rp2040.c.o
                0x10001f20                __aeabi_float_init
 .text          0x10001f7c       0x10 CMakeFiles/One_Shot.dir/home/ylo/.pico-sdk/sdk/2.1.0/src/rp2_common/pico_mem_ops/mem_ops_aeabi.S.o
                0x10001f7c                __aeabi_mem_init
 .text.memset   0x10001f8c        0xc CMakeFiles/One_Shot.dir/home/ylo/.pico-sdk/sdk/2.1.0/src/rp2_common/pico_mem_ops/mem_ops_aeabi.S.o
                0x10001f8c                __wrap_memset
 .text.memcpy   0x10001f98        0xc CMakeFiles/One_Shot.dir/home/ylo/.pico-sdk/sdk/2.1.0/src/rp2_common/pico_mem_ops/mem_ops_aeabi.S.o
                0x10001f98                __wrap___aeabi_memcpy
                0x10001f98                __wrap_memcpy
 .text._out_char
                0x10001fa4       0x10 CMakeFiles/One_Shot.dir/home/ylo/.pico-sdk/sdk/2.1.0/src/rp2_common/pico_printf/printf.c.o
 .text.weak_raw_vprintf
                0x10001fb4       0x30 CMakeFiles/One_Shot.dir/home/ylo/.pico-sdk/sdk/2.1.0/src/rp2_common/pico_printf/printf.c.o
                0x10001fb4                weak_raw_vprintf
 .text._exit    0x10001fe4        0x4 CMakeFiles/One_Shot.dir/home/ylo/.pico-sdk/sdk/2.1.0/src/rp2_common/pico_clib_interface/newlib_interface.c.o
                0x10001fe4                _exit
 .text.exit     0x10001fe8        0x8 CMakeFiles/One_Shot.dir/home/ylo/.pico-sdk/sdk/2.1.0/src/rp2_common/pico_clib_interface/newlib_interface.c.o
                0x10001fe8                exit
 .text.runtime_init
                0x10001ff0       0x2c CMakeFiles/One_Shot.dir/home/ylo/.pico-sdk/sdk/2.1.0/src/rp2_common/pico_clib_interface/newlib_interface.c.o
                0x10001ff0                runtime_init
 .text.stdio_out_chars_no_crlf
                0x1000201c       0x10 CMakeFiles/One_Shot.dir/home/ylo/.pico-sdk/sdk/2.1.0/src/rp2_common/pico_stdio/stdio.c.o
 .text.stdio_out_chars_crlf
                0x1000202c       0x94 CMakeFiles/One_Shot.dir/home/ylo/.pico-sdk/sdk/2.1.0/src/rp2_common/pico_stdio/stdio.c.o
 .text.stdio_put_string
                0x100020c0      0x100 CMakeFiles/One_Shot.dir/home/ylo/.pico-sdk/sdk/2.1.0/src/rp2_common/pico_stdio/stdio.c.o
                0x100020c0                stdio_put_string
 .text.stdio_set_driver_enabled
                0x100021c0       0x30 CMakeFiles/One_Shot.dir/home/ylo/.pico-sdk/sdk/2.1.0/src/rp2_common/pico_stdio/stdio.c.o
                0x100021c0                stdio_set_driver_enabled
 .text.stdio_init_all
                0x100021f0        0x8 CMakeFiles/One_Shot.dir/home/ylo/.pico-sdk/sdk/2.1.0/src/rp2_common/pico_stdio/stdio.c.o
                0x100021f0                stdio_init_all
 .text.__wrap_putchar
                0x100021f8       0x98 CMakeFiles/One_Shot.dir/home/ylo/.pico-sdk/sdk/2.1.0/src/rp2_common/pico_stdio/stdio.c.o
                0x100021f8                stdio_putchar
                0x100021f8                __wrap_putchar
 .text.__wrap_puts
                0x10002290       0x3c CMakeFiles/One_Shot.dir/home/ylo/.pico-sdk/sdk/2.1.0/src/rp2_common/pico_stdio/stdio.c.o
                0x10002290                __wrap_puts
                0x10002290                stdio_puts
 .text.resetd_init
                0x100022cc        0x4 CMakeFiles/One_Shot.dir/home/ylo/.pico-sdk/sdk/2.1.0/src/rp2_common/pico_stdio_usb/reset_interface.c.o
 .text.resetd_reset
                0x100022d0        0xc CMakeFiles/One_Shot.dir/home/ylo/.pico-sdk/sdk/2.1.0/src/rp2_common/pico_stdio_usb/reset_interface.c.o
 .text.resetd_open
                0x100022dc       0x28 CMakeFiles/One_Shot.dir/home/ylo/.pico-sdk/sdk/2.1.0/src/rp2_common/pico_stdio_usb/reset_interface.c.o
 .text.resetd_xfer_cb
                0x10002304        0x4 CMakeFiles/One_Shot.dir/home/ylo/.pico-sdk/sdk/2.1.0/src/rp2_common/pico_stdio_usb/reset_interface.c.o
 .text.resetd_control_xfer_cb
                0x10002308       0x5c CMakeFiles/One_Shot.dir/home/ylo/.pico-sdk/sdk/2.1.0/src/rp2_common/pico_stdio_usb/reset_interface.c.o
 .text.tud_descriptor_bos_cb
                0x10002364        0x8 CMakeFiles/One_Shot.dir/home/ylo/.pico-sdk/sdk/2.1.0/src/rp2_common/pico_stdio_usb/reset_interface.c.o
                0x10002364                tud_descriptor_bos_cb
 .text.tud_vendor_control_xfer_cb
                0x1000236c       0x34 CMakeFiles/One_Shot.dir/home/ylo/.pico-sdk/sdk/2.1.0/src/rp2_common/pico_stdio_usb/reset_interface.c.o
                0x1000236c                tud_vendor_control_xfer_cb
 .text.usbd_app_driver_get_cb
                0x100023a0        0xc CMakeFiles/One_Shot.dir/home/ylo/.pico-sdk/sdk/2.1.0/src/rp2_common/pico_stdio_usb/reset_interface.c.o
                0x100023a0                usbd_app_driver_get_cb
 .text.tud_cdc_line_coding_cb
                0x100023ac       0x2c CMakeFiles/One_Shot.dir/home/ylo/.pico-sdk/sdk/2.1.0/src/rp2_common/pico_stdio_usb/reset_interface.c.o
                0x100023ac                tud_cdc_line_coding_cb
 .text.stdio_usb_set_chars_available_callback
                0x100023d8       0x14 CMakeFiles/One_Shot.dir/home/ylo/.pico-sdk/sdk/2.1.0/src/rp2_common/pico_stdio_usb/stdio_usb.c.o
                0x100023d8                stdio_usb_set_chars_available_callback
 .text.usb_irq  0x100023ec       0x10 CMakeFiles/One_Shot.dir/home/ylo/.pico-sdk/sdk/2.1.0/src/rp2_common/pico_stdio_usb/stdio_usb.c.o
 .text.timer_task
                0x100023fc       0x64 CMakeFiles/One_Shot.dir/home/ylo/.pico-sdk/sdk/2.1.0/src/rp2_common/pico_stdio_usb/stdio_usb.c.o
 .text.stdio_usb_in_chars
                0x10002460       0x90 CMakeFiles/One_Shot.dir/home/ylo/.pico-sdk/sdk/2.1.0/src/rp2_common/pico_stdio_usb/stdio_usb.c.o
                0x10002460                stdio_usb_in_chars
 .text.stdio_usb_out_flush
                0x100024f0       0x50 CMakeFiles/One_Shot.dir/home/ylo/.pico-sdk/sdk/2.1.0/src/rp2_common/pico_stdio_usb/stdio_usb.c.o
 .text.stdio_usb_out_chars
                0x10002540      0x104 CMakeFiles/One_Shot.dir/home/ylo/.pico-sdk/sdk/2.1.0/src/rp2_common/pico_stdio_usb/stdio_usb.c.o
 .text.low_priority_worker_irq
                0x10002644       0xcc CMakeFiles/One_Shot.dir/home/ylo/.pico-sdk/sdk/2.1.0/src/rp2_common/pico_stdio_usb/stdio_usb.c.o
 .text.stdio_usb_init
                0x10002710       0xe8 CMakeFiles/One_Shot.dir/home/ylo/.pico-sdk/sdk/2.1.0/src/rp2_common/pico_stdio_usb/stdio_usb.c.o
                0x10002710                stdio_usb_init
 .text.tud_descriptor_device_cb
                0x100027f8        0x8 CMakeFiles/One_Shot.dir/home/ylo/.pico-sdk/sdk/2.1.0/src/rp2_common/pico_stdio_usb/stdio_usb_descriptors.c.o
                0x100027f8                tud_descriptor_device_cb
 .text.tud_descriptor_configuration_cb
                0x10002800        0x8 CMakeFiles/One_Shot.dir/home/ylo/.pico-sdk/sdk/2.1.0/src/rp2_common/pico_stdio_usb/stdio_usb_descriptors.c.o
                0x10002800                tud_descriptor_configuration_cb
 .text.tud_descriptor_string_cb
                0x10002808       0x78 CMakeFiles/One_Shot.dir/home/ylo/.pico-sdk/sdk/2.1.0/src/rp2_common/pico_stdio_usb/stdio_usb_descriptors.c.o
                0x10002808                tud_descriptor_string_cb
 .text.startup._retrieve_unique_id_on_boot
                0x10002880       0x10 CMakeFiles/One_Shot.dir/home/ylo/.pico-sdk/sdk/2.1.0/src/rp2_common/pico_unique_id/unique_id.c.o
 .text.pico_get_unique_board_id_string
                0x10002890      0x1a8 CMakeFiles/One_Shot.dir/home/ylo/.pico-sdk/sdk/2.1.0/src/rp2_common/pico_unique_id/unique_id.c.o
                0x10002890                pico_get_unique_board_id_string
 .text.flash_get_unique_id
                0x10002a38       0x3c CMakeFiles/One_Shot.dir/home/ylo/.pico-sdk/sdk/2.1.0/src/rp2_common/hardware_flash/flash.c.o
                0x10002a38                flash_get_unique_id
 .text.dcd_init
                0x10002a74       0x8c CMakeFiles/One_Shot.dir/home/ylo/.pico-sdk/sdk/2.1.0/lib/tinyusb/src/portable/raspberrypi/rp2040/dcd_rp2040.c.o
                0x10002a74                dcd_init
 .text.dcd_int_enable
                0x10002b00        0xc CMakeFiles/One_Shot.dir/home/ylo/.pico-sdk/sdk/2.1.0/lib/tinyusb/src/portable/raspberrypi/rp2040/dcd_rp2040.c.o
                0x10002b00                dcd_int_enable
 .text.dcd_set_address
                0x10002b0c       0x14 CMakeFiles/One_Shot.dir/home/ylo/.pico-sdk/sdk/2.1.0/lib/tinyusb/src/portable/raspberrypi/rp2040/dcd_rp2040.c.o
                0x10002b0c                dcd_set_address
 .text.dcd_sof_enable
                0x10002b20       0x1c CMakeFiles/One_Shot.dir/home/ylo/.pico-sdk/sdk/2.1.0/lib/tinyusb/src/portable/raspberrypi/rp2040/dcd_rp2040.c.o
                0x10002b20                dcd_sof_enable
 .text.dcd_edpt0_status_complete
                0x10002b3c       0x1c CMakeFiles/One_Shot.dir/home/ylo/.pico-sdk/sdk/2.1.0/lib/tinyusb/src/portable/raspberrypi/rp2040/dcd_rp2040.c.o
                0x10002b3c                dcd_edpt0_status_complete
 .text.dcd_edpt_open
                0x10002b58      0x108 CMakeFiles/One_Shot.dir/home/ylo/.pico-sdk/sdk/2.1.0/lib/tinyusb/src/portable/raspberrypi/rp2040/dcd_rp2040.c.o
                0x10002b58                dcd_edpt_open
 .text.dcd_edpt_close_all
                0x10002c60        0x8 CMakeFiles/One_Shot.dir/home/ylo/.pico-sdk/sdk/2.1.0/lib/tinyusb/src/portable/raspberrypi/rp2040/dcd_rp2040.c.o
                0x10002c60                dcd_edpt_close_all
 .text.dcd_edpt_xfer
                0x10002c68       0x24 CMakeFiles/One_Shot.dir/home/ylo/.pico-sdk/sdk/2.1.0/lib/tinyusb/src/portable/raspberrypi/rp2040/dcd_rp2040.c.o
                0x10002c68                dcd_edpt_xfer
 .text.dcd_edpt_stall
                0x10002c8c       0x34 CMakeFiles/One_Shot.dir/home/ylo/.pico-sdk/sdk/2.1.0/lib/tinyusb/src/portable/raspberrypi/rp2040/dcd_rp2040.c.o
                0x10002c8c                dcd_edpt_stall
 .text.dcd_edpt_clear_stall
                0x10002cc0       0x30 CMakeFiles/One_Shot.dir/home/ylo/.pico-sdk/sdk/2.1.0/lib/tinyusb/src/portable/raspberrypi/rp2040/dcd_rp2040.c.o
                0x10002cc0                dcd_edpt_clear_stall
 .text.rp2040_usb_init
                0x10002cf0       0x40 CMakeFiles/One_Shot.dir/home/ylo/.pico-sdk/sdk/2.1.0/lib/tinyusb/src/portable/raspberrypi/rp2040/rp2040_usb.c.o
                0x10002cf0                rp2040_usb_init
 .text.hw_endpoint_xfer_start
                0x10002d30       0x40 CMakeFiles/One_Shot.dir/home/ylo/.pico-sdk/sdk/2.1.0/lib/tinyusb/src/portable/raspberrypi/rp2040/rp2040_usb.c.o
                0x10002d30                hw_endpoint_xfer_start
 .text.tud_event_hook_cb
                0x10002d70        0x4 CMakeFiles/One_Shot.dir/home/ylo/.pico-sdk/sdk/2.1.0/lib/tinyusb/src/device/usbd.c.o
                0x10002d70                tud_event_hook_cb
 .text.tud_sof_cb
                0x10002d74        0x4 CMakeFiles/One_Shot.dir/home/ylo/.pico-sdk/sdk/2.1.0/lib/tinyusb/src/device/usbd.c.o
                0x10002d74                tud_sof_cb
 .text.tud_descriptor_device_qualifier_cb
                0x10002d78        0x4 CMakeFiles/One_Shot.dir/home/ylo/.pico-sdk/sdk/2.1.0/lib/tinyusb/src/device/usbd.c.o
                0x10002d78                tud_descriptor_device_qualifier_cb
 .text.tud_descriptor_other_speed_configuration_cb
                0x10002d7c        0x4 CMakeFiles/One_Shot.dir/home/ylo/.pico-sdk/sdk/2.1.0/lib/tinyusb/src/device/usbd.c.o
                0x10002d7c                tud_descriptor_other_speed_configuration_cb
 .text.tud_mount_cb
                0x10002d80        0x4 CMakeFiles/One_Shot.dir/home/ylo/.pico-sdk/sdk/2.1.0/lib/tinyusb/src/device/usbd.c.o
                0x10002d80                tud_mount_cb
 .text.tud_umount_cb
                0x10002d84        0x4 CMakeFiles/One_Shot.dir/home/ylo/.pico-sdk/sdk/2.1.0/lib/tinyusb/src/device/usbd.c.o
                0x10002d84                tud_umount_cb
 .text.tud_suspend_cb
                0x10002d88        0x4 CMakeFiles/One_Shot.dir/home/ylo/.pico-sdk/sdk/2.1.0/lib/tinyusb/src/device/usbd.c.o
                0x10002d88                tud_suspend_cb
 .text.tud_resume_cb
                0x10002d8c        0x4 CMakeFiles/One_Shot.dir/home/ylo/.pico-sdk/sdk/2.1.0/lib/tinyusb/src/device/usbd.c.o
                0x10002d8c                tud_resume_cb
 .text.tud_mounted
                0x10002d90       0x10 CMakeFiles/One_Shot.dir/home/ylo/.pico-sdk/sdk/2.1.0/lib/tinyusb/src/device/usbd.c.o
                0x10002d90                tud_mounted
 .text.tud_suspended
                0x10002da0       0x10 CMakeFiles/One_Shot.dir/home/ylo/.pico-sdk/sdk/2.1.0/lib/tinyusb/src/device/usbd.c.o
                0x10002da0                tud_suspended
 .text.tud_init
                0x10002db0       0xe4 CMakeFiles/One_Shot.dir/home/ylo/.pico-sdk/sdk/2.1.0/lib/tinyusb/src/device/usbd.c.o
                0x10002db0                tud_init
 .text.tud_task_ext
                0x10002e94      0x800 CMakeFiles/One_Shot.dir/home/ylo/.pico-sdk/sdk/2.1.0/lib/tinyusb/src/device/usbd.c.o
                0x10002e94                tud_task_ext
 .text.usbd_open_edpt_pair
                0x10003694       0x9c CMakeFiles/One_Shot.dir/home/ylo/.pico-sdk/sdk/2.1.0/lib/tinyusb/src/device/usbd.c.o
                0x10003694                usbd_open_edpt_pair
 .text.usbd_edpt_open
                0x10003730       0x34 CMakeFiles/One_Shot.dir/home/ylo/.pico-sdk/sdk/2.1.0/lib/tinyusb/src/device/usbd.c.o
                0x10003730                usbd_edpt_open
 .text.usbd_edpt_claim
                0x10003764       0x28 CMakeFiles/One_Shot.dir/home/ylo/.pico-sdk/sdk/2.1.0/lib/tinyusb/src/device/usbd.c.o
                0x10003764                usbd_edpt_claim
 .text.usbd_edpt_release
                0x1000378c       0x28 CMakeFiles/One_Shot.dir/home/ylo/.pico-sdk/sdk/2.1.0/lib/tinyusb/src/device/usbd.c.o
                0x1000378c                usbd_edpt_release
 .text.usbd_edpt_xfer
                0x100037b4       0x4c CMakeFiles/One_Shot.dir/home/ylo/.pico-sdk/sdk/2.1.0/lib/tinyusb/src/device/usbd.c.o
                0x100037b4                usbd_edpt_xfer
 .text.tud_control_status
                0x10003800       0x2c CMakeFiles/One_Shot.dir/home/ylo/.pico-sdk/sdk/2.1.0/lib/tinyusb/src/device/usbd_control.c.o
                0x10003800                tud_control_status
 .text.tud_control_xfer
                0x1000382c       0xac CMakeFiles/One_Shot.dir/home/ylo/.pico-sdk/sdk/2.1.0/lib/tinyusb/src/device/usbd_control.c.o
                0x1000382c                tud_control_xfer
 .text.usbd_control_reset
                0x100038d8       0x14 CMakeFiles/One_Shot.dir/home/ylo/.pico-sdk/sdk/2.1.0/lib/tinyusb/src/device/usbd_control.c.o
                0x100038d8                usbd_control_reset
 .text.usbd_control_set_complete_callback
                0x100038ec        0xc CMakeFiles/One_Shot.dir/home/ylo/.pico-sdk/sdk/2.1.0/lib/tinyusb/src/device/usbd_control.c.o
                0x100038ec                usbd_control_set_complete_callback
 .text.usbd_control_set_request
                0x100038f8       0x1c CMakeFiles/One_Shot.dir/home/ylo/.pico-sdk/sdk/2.1.0/lib/tinyusb/src/device/usbd_control.c.o
                0x100038f8                usbd_control_set_request
 .text.usbd_control_xfer_cb
                0x10003914       0xec CMakeFiles/One_Shot.dir/home/ylo/.pico-sdk/sdk/2.1.0/lib/tinyusb/src/device/usbd_control.c.o
                0x10003914                usbd_control_xfer_cb
 .text._prep_out_transaction.isra.0
                0x10003a00       0x5c CMakeFiles/One_Shot.dir/home/ylo/.pico-sdk/sdk/2.1.0/lib/tinyusb/src/class/cdc/cdc_device.c.o
 .text.tud_cdc_n_connected
                0x10003a5c       0x30 CMakeFiles/One_Shot.dir/home/ylo/.pico-sdk/sdk/2.1.0/lib/tinyusb/src/class/cdc/cdc_device.c.o
                0x10003a5c                tud_cdc_n_connected
 .text.tud_cdc_n_available
                0x10003a8c       0x18 CMakeFiles/One_Shot.dir/home/ylo/.pico-sdk/sdk/2.1.0/lib/tinyusb/src/class/cdc/cdc_device.c.o
                0x10003a8c                tud_cdc_n_available
 .text.tud_cdc_n_read
                0x10003aa4       0x98 CMakeFiles/One_Shot.dir/home/ylo/.pico-sdk/sdk/2.1.0/lib/tinyusb/src/class/cdc/cdc_device.c.o
                0x10003aa4                tud_cdc_n_read
 .text.tud_cdc_n_write_flush
                0x10003b3c       0x78 CMakeFiles/One_Shot.dir/home/ylo/.pico-sdk/sdk/2.1.0/lib/tinyusb/src/class/cdc/cdc_device.c.o
                0x10003b3c                tud_cdc_n_write_flush
 .text.tud_cdc_n_write
                0x10003bb4       0x40 CMakeFiles/One_Shot.dir/home/ylo/.pico-sdk/sdk/2.1.0/lib/tinyusb/src/class/cdc/cdc_device.c.o
                0x10003bb4                tud_cdc_n_write
 .text.tud_cdc_n_write_available
                0x10003bf4       0x18 CMakeFiles/One_Shot.dir/home/ylo/.pico-sdk/sdk/2.1.0/lib/tinyusb/src/class/cdc/cdc_device.c.o
                0x10003bf4                tud_cdc_n_write_available
 .text.cdcd_init
                0x10003c0c       0x7c CMakeFiles/One_Shot.dir/home/ylo/.pico-sdk/sdk/2.1.0/lib/tinyusb/src/class/cdc/cdc_device.c.o
                0x10003c0c                cdcd_init
 .text.cdcd_deinit
                0x10003c88       0x34 CMakeFiles/One_Shot.dir/home/ylo/.pico-sdk/sdk/2.1.0/lib/tinyusb/src/class/cdc/cdc_device.c.o
                0x10003c88                cdcd_deinit
 .text.cdcd_reset
                0x10003cbc       0x4c CMakeFiles/One_Shot.dir/home/ylo/.pico-sdk/sdk/2.1.0/lib/tinyusb/src/class/cdc/cdc_device.c.o
                0x10003cbc                cdcd_reset
 .text.cdcd_open
                0x10003d08       0xb0 CMakeFiles/One_Shot.dir/home/ylo/.pico-sdk/sdk/2.1.0/lib/tinyusb/src/class/cdc/cdc_device.c.o
                0x10003d08                cdcd_open
 .text.cdcd_control_xfer_cb
                0x10003db8       0xe4 CMakeFiles/One_Shot.dir/home/ylo/.pico-sdk/sdk/2.1.0/lib/tinyusb/src/class/cdc/cdc_device.c.o
                0x10003db8                cdcd_control_xfer_cb
 .text.cdcd_xfer_cb
                0x10003e9c      0x100 CMakeFiles/One_Shot.dir/home/ylo/.pico-sdk/sdk/2.1.0/lib/tinyusb/src/class/cdc/cdc_device.c.o
                0x10003e9c                cdcd_xfer_cb
 .text.vendord_init
                0x10003f9c       0x5c CMakeFiles/One_Shot.dir/home/ylo/.pico-sdk/sdk/2.1.0/lib/tinyusb/src/class/vendor/vendor_device.c.o
                0x10003f9c                vendord_init
 .text.vendord_deinit
                0x10003ff8       0x1c CMakeFiles/One_Shot.dir/home/ylo/.pico-sdk/sdk/2.1.0/lib/tinyusb/src/class/vendor/vendor_device.c.o
                0x10003ff8                vendord_deinit
 .text.vendord_reset
                0x10004014       0x20 CMakeFiles/One_Shot.dir/home/ylo/.pico-sdk/sdk/2.1.0/lib/tinyusb/src/class/vendor/vendor_device.c.o
                0x10004014                vendord_reset
 .text.vendord_open
                0x10004034      0x138 CMakeFiles/One_Shot.dir/home/ylo/.pico-sdk/sdk/2.1.0/lib/tinyusb/src/class/vendor/vendor_device.c.o
                0x10004034                vendord_open
 .text.vendord_xfer_cb
                0x1000416c       0x9c CMakeFiles/One_Shot.dir/home/ylo/.pico-sdk/sdk/2.1.0/lib/tinyusb/src/class/vendor/vendor_device.c.o
                0x1000416c                vendord_xfer_cb
 .text.tusb_init
                0x10004208        0xc CMakeFiles/One_Shot.dir/home/ylo/.pico-sdk/sdk/2.1.0/lib/tinyusb/src/tusb.c.o
                0x10004208                tusb_init
 .text.tu_edpt_claim
                0x10004214       0x50 CMakeFiles/One_Shot.dir/home/ylo/.pico-sdk/sdk/2.1.0/lib/tinyusb/src/tusb.c.o
                0x10004214                tu_edpt_claim
 .text.tu_edpt_release
                0x10004264       0x38 CMakeFiles/One_Shot.dir/home/ylo/.pico-sdk/sdk/2.1.0/lib/tinyusb/src/tusb.c.o
                0x10004264                tu_edpt_release
 .text.tu_edpt_validate
                0x1000429c       0x7c CMakeFiles/One_Shot.dir/home/ylo/.pico-sdk/sdk/2.1.0/lib/tinyusb/src/tusb.c.o
                0x1000429c                tu_edpt_validate
 .text.tu_edpt_bind_driver
                0x10004318       0x34 CMakeFiles/One_Shot.dir/home/ylo/.pico-sdk/sdk/2.1.0/lib/tinyusb/src/tusb.c.o
                0x10004318                tu_edpt_bind_driver
 .text.tu_edpt_stream_init
                0x1000434c       0x6c CMakeFiles/One_Shot.dir/home/ylo/.pico-sdk/sdk/2.1.0/lib/tinyusb/src/tusb.c.o
                0x1000434c                tu_edpt_stream_init
 .text.tu_edpt_stream_deinit
                0x100043b8        0x4 CMakeFiles/One_Shot.dir/home/ylo/.pico-sdk/sdk/2.1.0/lib/tinyusb/src/tusb.c.o
                0x100043b8                tu_edpt_stream_deinit
 .text.tu_edpt_stream_write_zlp_if_needed
                0x100043bc       0x68 CMakeFiles/One_Shot.dir/home/ylo/.pico-sdk/sdk/2.1.0/lib/tinyusb/src/tusb.c.o
                0x100043bc                tu_edpt_stream_write_zlp_if_needed
 .text.tu_edpt_stream_write_xfer
                0x10004424       0x64 CMakeFiles/One_Shot.dir/home/ylo/.pico-sdk/sdk/2.1.0/lib/tinyusb/src/tusb.c.o
                0x10004424                tu_edpt_stream_write_xfer
 .text.tu_edpt_stream_read_xfer
                0x10004488       0xdc CMakeFiles/One_Shot.dir/home/ylo/.pico-sdk/sdk/2.1.0/lib/tinyusb/src/tusb.c.o
                0x10004488                tu_edpt_stream_read_xfer
 .text.tu_fifo_config
                0x10004564       0x6c CMakeFiles/One_Shot.dir/home/ylo/.pico-sdk/sdk/2.1.0/lib/tinyusb/src/common/tusb_fifo.c.o
                0x10004564                tu_fifo_config
 .text.tu_fifo_count
                0x100045d0       0x2c CMakeFiles/One_Shot.dir/home/ylo/.pico-sdk/sdk/2.1.0/lib/tinyusb/src/common/tusb_fifo.c.o
                0x100045d0                tu_fifo_count
 .text.tu_fifo_empty
                0x100045fc       0x10 CMakeFiles/One_Shot.dir/home/ylo/.pico-sdk/sdk/2.1.0/lib/tinyusb/src/common/tusb_fifo.c.o
                0x100045fc                tu_fifo_empty
 .text.tu_fifo_remaining
                0x1000460c       0x2c CMakeFiles/One_Shot.dir/home/ylo/.pico-sdk/sdk/2.1.0/lib/tinyusb/src/common/tusb_fifo.c.o
                0x1000460c                tu_fifo_remaining
 .text.tu_fifo_read
                0x10004638       0x9c CMakeFiles/One_Shot.dir/home/ylo/.pico-sdk/sdk/2.1.0/lib/tinyusb/src/common/tusb_fifo.c.o
                0x10004638                tu_fifo_read
 .text.tu_fifo_read_n
                0x100046d4       0xe8 CMakeFiles/One_Shot.dir/home/ylo/.pico-sdk/sdk/2.1.0/lib/tinyusb/src/common/tusb_fifo.c.o
                0x100046d4                tu_fifo_read_n
 .text.tu_fifo_write
                0x100047bc       0xa8 CMakeFiles/One_Shot.dir/home/ylo/.pico-sdk/sdk/2.1.0/lib/tinyusb/src/common/tusb_fifo.c.o
                0x100047bc                tu_fifo_write
 .text.tu_fifo_write_n
                0x10004864      0x178 CMakeFiles/One_Shot.dir/home/ylo/.pico-sdk/sdk/2.1.0/lib/tinyusb/src/common/tusb_fifo.c.o
                0x10004864                tu_fifo_write_n
 .text.tu_fifo_clear
                0x100049dc       0x40 CMakeFiles/One_Shot.dir/home/ylo/.pico-sdk/sdk/2.1.0/lib/tinyusb/src/common/tusb_fifo.c.o
                0x100049dc                tu_fifo_clear
 .text.tu_fifo_set_overwritable
                0x10004a1c       0x48 CMakeFiles/One_Shot.dir/home/ylo/.pico-sdk/sdk/2.1.0/lib/tinyusb/src/common/tusb_fifo.c.o
                0x10004a1c                tu_fifo_set_overwritable
 .text.strlen   0x10004a64       0x5c /home/ylo/.pico-sdk/toolchain/13_3_Rel1/bin/../lib/gcc/arm-none-eabi/13.3.1/../../../../arm-none-eabi/lib/thumb/v6-m/nofp/libg.a(libc_a-strlen-stub.o)
                0x10004a64                strlen
 *(.fini)
 .fini          0x10004ac0        0x4 /home/ylo/.pico-sdk/toolchain/13_3_Rel1/bin/../lib/gcc/arm-none-eabi/13.3.1/thumb/v6-m/nofp/crti.o
                0x10004ac0                _fini
 *fill*         0x10004ac4        0x4 
 .fini.__stub   0x10004ac8       0xb0 linker stubs
 *crtbegin.o(.ctors)
 *crtbegin?.o(.ctors)
 *(EXCLUDE_FILE(*crtend.o *crtend?.o) .ctors)
 *(SORT_BY_NAME(.ctors.*))
 *(.ctors)
 *crtbegin.o(.dtors)
 *crtbegin?.o(.dtors)
 *(EXCLUDE_FILE(*crtend.o *crtend?.o) .dtors)
 *(SORT_BY_NAME(.dtors.*))
 *(.dtors)
                0x10004b78                        . = ALIGN (0x4)
                0x10004b78                        PROVIDE (__preinit_array_start = .)
 *(SORT_BY_NAME(.preinit_array.*))
 .preinit_array.00100
                0x10004b78        0x4 CMakeFiles/One_Shot.dir/home/ylo/.pico-sdk/sdk/2.1.0/src/rp2_common/pico_runtime_init/runtime_init.c.o
                0x10004b78                __pre_init_runtime_init_early_resets
 .preinit_array.00101
                0x10004b7c        0x4 CMakeFiles/One_Shot.dir/home/ylo/.pico-sdk/sdk/2.1.0/src/rp2_common/pico_runtime_init/runtime_init.c.o
                0x10004b7c                __pre_init_runtime_init_usb_power_down
 .preinit_array.00275
                0x10004b80        0x4 CMakeFiles/One_Shot.dir/home/ylo/.pico-sdk/sdk/2.1.0/src/rp2_common/pico_bit_ops/bit_ops_aeabi.S.o
 .preinit_array.00300
                0x10004b84        0x4 CMakeFiles/One_Shot.dir/home/ylo/.pico-sdk/sdk/2.1.0/src/rp2_common/pico_mem_ops/mem_ops_aeabi.S.o
 .preinit_array.00350
                0x10004b88        0x4 CMakeFiles/One_Shot.dir/home/ylo/.pico-sdk/sdk/2.1.0/src/rp2_common/pico_double/double_aeabi_rp2040.S.o
 .preinit_array.00350
                0x10004b8c        0x4 CMakeFiles/One_Shot.dir/home/ylo/.pico-sdk/sdk/2.1.0/src/rp2_common/pico_float/float_aeabi_rp2040.S.o
 .preinit_array.00500
                0x10004b90        0x4 CMakeFiles/One_Shot.dir/home/ylo/.pico-sdk/sdk/2.1.0/src/rp2_common/pico_runtime_init/runtime_init.c.o
                0x10004b90                __pre_init_runtime_init_clocks
 .preinit_array.00600
                0x10004b94        0x4 CMakeFiles/One_Shot.dir/home/ylo/.pico-sdk/sdk/2.1.0/src/rp2_common/pico_runtime_init/runtime_init.c.o
                0x10004b94                __pre_init_runtime_init_post_clock_resets
 .preinit_array.00700
                0x10004b98        0x4 CMakeFiles/One_Shot.dir/home/ylo/.pico-sdk/sdk/2.1.0/src/rp2_common/pico_runtime_init/runtime_init.c.o
                0x10004b98                __pre_init_runtime_init_rp2040_gpio_ie_disable
 .preinit_array.01000
                0x10004b9c        0x4 CMakeFiles/One_Shot.dir/home/ylo/.pico-sdk/sdk/2.1.0/src/rp2_common/pico_runtime_init/runtime_init.c.o
                0x10004b9c                __pre_init_runtime_init_spin_locks_reset
 .preinit_array.01100
                0x10004ba0        0x4 CMakeFiles/One_Shot.dir/home/ylo/.pico-sdk/sdk/2.1.0/src/common/pico_sync/mutex.c.o
                0x10004ba0                __pre_init_runtime_init_mutex
 .preinit_array.10080
                0x10004ba4        0x4 CMakeFiles/One_Shot.dir/home/ylo/.pico-sdk/sdk/2.1.0/src/rp2_common/pico_runtime_init/runtime_init.c.o
                0x10004ba4                __pre_init_runtime_init_install_ram_vector_table
 .preinit_array.11000
                0x10004ba8        0x4 CMakeFiles/One_Shot.dir/home/ylo/.pico-sdk/sdk/2.1.0/src/common/pico_time/time.c.o
                0x10004ba8                __pre_init_runtime_init_default_alarm_pool
 .preinit_array.YYYYY
                0x10004bac        0x4 CMakeFiles/One_Shot.dir/home/ylo/.pico-sdk/sdk/2.1.0/src/rp2_common/pico_runtime/runtime.c.o
                0x10004bac                __pre_init_first_per_core_initializer
 .preinit_array.ZZZZZ.01200
                0x10004bb0        0x4 CMakeFiles/One_Shot.dir/home/ylo/.pico-sdk/sdk/2.1.0/src/rp2_common/hardware_irq/irq.c.o
                0x10004bb0                __pre_init_runtime_init_per_core_irq_priorities
 *(.preinit_array)
                0x10004bb4                        PROVIDE (__preinit_array_end = .)
                0x10004bb4                        . = ALIGN (0x4)
                0x10004bb4                        PROVIDE (__init_array_start = .)
 *(SORT_BY_NAME(.init_array.*))
 *(.init_array)
 .init_array    0x10004bb4        0x4 /home/ylo/.pico-sdk/toolchain/13_3_Rel1/bin/../lib/gcc/arm-none-eabi/13.3.1/thumb/v6-m/nofp/crtbegin.o
 .init_array    0x10004bb8        0x4 CMakeFiles/One_Shot.dir/home/ylo/.pico-sdk/sdk/2.1.0/src/rp2_common/pico_unique_id/unique_id.c.o
                0x10004bbc                        PROVIDE (__init_array_end = .)
                0x10004bbc                        . = ALIGN (0x4)
                [!provide]                        PROVIDE (__fini_array_start = .)
 *(SORT_BY_NAME(.fini_array.*))
 *(.fini_array)
                [!provide]                        PROVIDE (__fini_array_end = .)
 *(.eh_frame*)
 .eh_frame      0x10004bbc        0x0 /home/ylo/.pico-sdk/toolchain/13_3_Rel1/bin/../lib/gcc/arm-none-eabi/13.3.1/thumb/v6-m/nofp/crtbegin.o
                0x10004bbc                        . = ALIGN (0x4)

.glue_7         0x10004bbc        0x0
 .glue_7        0x10004bbc        0x0 linker stubs

.glue_7t        0x10004bbc        0x0
 .glue_7t       0x10004bbc        0x0 linker stubs

.vfp11_veneer   0x10004bbc        0x0
 .vfp11_veneer  0x10004bbc        0x0 linker stubs

.v4_bx          0x10004bbc        0x0
 .v4_bx         0x10004bbc        0x0 linker stubs

.iplt           0x10004bbc        0x0
 .iplt          0x10004bbc        0x0 /home/ylo/.pico-sdk/toolchain/13_3_Rel1/bin/../lib/gcc/arm-none-eabi/13.3.1/thumb/v6-m/nofp/crtbegin.o

.rodata         0x10004bbc      0x438
 *(EXCLUDE_FILE(*libm.a: *libc.a:*lib_a-mem*.o *libgcc.a:) .rodata*)
 .rodata.panic.str1.4
                0x10004bbc      0x174 CMakeFiles/One_Shot.dir/home/ylo/.pico-sdk/sdk/2.1.0/src/rp2_common/pico_platform_panic/panic.c.o
                                 0x12 (size before relaxing)
 .rodata.spin_lock_claim_unused.str1.4
                0x10004d30       0x1b CMakeFiles/One_Shot.dir/home/ylo/.pico-sdk/sdk/2.1.0/src/rp2_common/hardware_sync/sync.c.o
 .rodata.user_irq_claim_unused.str1.4
                0x10004d30       0x1b CMakeFiles/One_Shot.dir/home/ylo/.pico-sdk/sdk/2.1.0/src/rp2_common/hardware_irq/irq.c.o
 .rodata.timer_hardware_alarm_claim.str1.4
                0x10004d30       0x22 CMakeFiles/One_Shot.dir/home/ylo/.pico-sdk/sdk/2.1.0/src/rp2_common/hardware_timer/timer.c.o
 .rodata.hard_assertion_failure.str1.4
                0x10004d30        0xc CMakeFiles/One_Shot.dir/home/ylo/.pico-sdk/sdk/2.1.0/src/rp2_common/pico_runtime/runtime.c.o
 .rodata.missing_double_func_shim.str1.4
                0x10004d30       0x18 CMakeFiles/One_Shot.dir/home/ylo/.pico-sdk/sdk/2.1.0/src/rp2_common/pico_double/double_init_rom_rp2040.c.o
 .rodata.missing_float_func_shim.str1.4
                0x10004d30        0x1 CMakeFiles/One_Shot.dir/home/ylo/.pico-sdk/sdk/2.1.0/src/rp2_common/pico_float/float_init_rom_rp2040.c.o
 .rodata.str1.4
                0x10004d30       0x44 CMakeFiles/One_Shot.dir/home/ylo/.pico-sdk/sdk/2.1.0/src/rp2_common/pico_standard_binary_info/standard_binary_info.c.o
 .rodata.__bi_84
                0x10004d30        0xc CMakeFiles/One_Shot.dir/home/ylo/.pico-sdk/sdk/2.1.0/src/rp2_common/pico_standard_binary_info/standard_binary_info.c.o
 .rodata.__bi_78
                0x10004d3c        0xc CMakeFiles/One_Shot.dir/home/ylo/.pico-sdk/sdk/2.1.0/src/rp2_common/pico_standard_binary_info/standard_binary_info.c.o
 .rodata.__bi_60
                0x10004d48        0xc CMakeFiles/One_Shot.dir/home/ylo/.pico-sdk/sdk/2.1.0/src/rp2_common/pico_standard_binary_info/standard_binary_info.c.o
 .rodata.__bi_54
                0x10004d54        0xc CMakeFiles/One_Shot.dir/home/ylo/.pico-sdk/sdk/2.1.0/src/rp2_common/pico_standard_binary_info/standard_binary_info.c.o
 .rodata.__bi_48
                0x10004d60        0xc CMakeFiles/One_Shot.dir/home/ylo/.pico-sdk/sdk/2.1.0/src/rp2_common/pico_standard_binary_info/standard_binary_info.c.o
 .rodata.__bi_42
                0x10004d6c        0xc CMakeFiles/One_Shot.dir/home/ylo/.pico-sdk/sdk/2.1.0/src/rp2_common/pico_standard_binary_info/standard_binary_info.c.o
 .rodata.__bi_34
                0x10004d78        0xc CMakeFiles/One_Shot.dir/home/ylo/.pico-sdk/sdk/2.1.0/src/rp2_common/pico_standard_binary_info/standard_binary_info.c.o
 .rodata.__bi_26
                0x10004d84        0xc CMakeFiles/One_Shot.dir/home/ylo/.pico-sdk/sdk/2.1.0/src/rp2_common/pico_standard_binary_info/standard_binary_info.c.o
 .rodata.crlf_str.0
                0x10004d90        0x2 CMakeFiles/One_Shot.dir/home/ylo/.pico-sdk/sdk/2.1.0/src/rp2_common/pico_stdio/stdio.c.o
 *fill*         0x10004d92        0x2 
 .rodata._resetd_driver
                0x10004d94       0x20 CMakeFiles/One_Shot.dir/home/ylo/.pico-sdk/sdk/2.1.0/src/rp2_common/pico_stdio_usb/reset_interface.c.o
 .rodata.desc_ms_os_20
                0x10004db4       0xa6 CMakeFiles/One_Shot.dir/home/ylo/.pico-sdk/sdk/2.1.0/src/rp2_common/pico_stdio_usb/reset_interface.c.o
 *fill*         0x10004e5a        0x2 
 .rodata.desc_bos
                0x10004e5c       0x21 CMakeFiles/One_Shot.dir/home/ylo/.pico-sdk/sdk/2.1.0/src/rp2_common/pico_stdio_usb/reset_interface.c.o
                0x10004e5c                desc_bos
 .rodata.str1.4
                0x10004e7d       0x13 CMakeFiles/One_Shot.dir/home/ylo/.pico-sdk/sdk/2.1.0/src/rp2_common/pico_stdio_usb/stdio_usb.c.o
 *fill*         0x10004e7d        0x3 
 .rodata.__bi_197.0
                0x10004e80        0xc CMakeFiles/One_Shot.dir/home/ylo/.pico-sdk/sdk/2.1.0/src/rp2_common/pico_stdio_usb/stdio_usb.c.o
 .rodata.str1.4
                0x10004e8c       0x2a CMakeFiles/One_Shot.dir/home/ylo/.pico-sdk/sdk/2.1.0/src/rp2_common/pico_stdio_usb/stdio_usb_descriptors.c.o
 .rodata.usbd_desc_str
                0x10004e8c       0x18 CMakeFiles/One_Shot.dir/home/ylo/.pico-sdk/sdk/2.1.0/src/rp2_common/pico_stdio_usb/stdio_usb_descriptors.c.o
 .rodata.usbd_desc_cfg
                0x10004ea4       0x54 CMakeFiles/One_Shot.dir/home/ylo/.pico-sdk/sdk/2.1.0/src/rp2_common/pico_stdio_usb/stdio_usb_descriptors.c.o
 .rodata.usbd_desc_device
                0x10004ef8       0x12 CMakeFiles/One_Shot.dir/home/ylo/.pico-sdk/sdk/2.1.0/src/rp2_common/pico_stdio_usb/stdio_usb_descriptors.c.o
 .rodata.str1.4
                0x10004f0a       0x14 CMakeFiles/One_Shot.dir/home/ylo/.pico-sdk/sdk/2.1.0/lib/tinyusb/src/portable/raspberrypi/rp2040/dcd_rp2040.c.o
 .rodata.str1.4
                0x10004f0a       0x48 CMakeFiles/One_Shot.dir/home/ylo/.pico-sdk/sdk/2.1.0/lib/tinyusb/src/portable/raspberrypi/rp2040/rp2040_usb.c.o
 *fill*         0x10004f0a        0x2 
 .rodata.tud_task_ext
                0x10004f0c       0x8c CMakeFiles/One_Shot.dir/home/ylo/.pico-sdk/sdk/2.1.0/lib/tinyusb/src/device/usbd.c.o
 .rodata        0x10004f98       0x1c CMakeFiles/One_Shot.dir/home/ylo/.pico-sdk/sdk/2.1.0/lib/tinyusb/src/device/usbd.c.o
 .rodata._usbd_driver
                0x10004fb4       0x40 CMakeFiles/One_Shot.dir/home/ylo/.pico-sdk/sdk/2.1.0/lib/tinyusb/src/device/usbd.c.o
                0x10004ff4                        . = ALIGN (0x4)
 *(SORT_BY_ALIGNMENT(SORT_BY_NAME(.flashdata*)))
                0x10004ff4                        . = ALIGN (0x4)

.ARM.extab
 *(.ARM.extab* .gnu.linkonce.armextab.*)
                0x10004ff4                        __exidx_start = .

.ARM.exidx
 *(.ARM.exidx* .gnu.linkonce.armexidx.*)
                0x10004ff4                        __exidx_end = .
                0x10004ff4                        . = ALIGN (0x4)
                0x10004ff4                        __binary_info_start = .

.binary_info    0x10004ff4       0x24
 *(.binary_info.keep.*)
 .binary_info.keep.__bi_ptr84
                0x10004ff4        0x4 CMakeFiles/One_Shot.dir/home/ylo/.pico-sdk/sdk/2.1.0/src/rp2_common/pico_standard_binary_info/standard_binary_info.c.o
 .binary_info.keep.__bi_ptr78
                0x10004ff8        0x4 CMakeFiles/One_Shot.dir/home/ylo/.pico-sdk/sdk/2.1.0/src/rp2_common/pico_standard_binary_info/standard_binary_info.c.o
 .binary_info.keep.__bi_ptr60
                0x10004ffc        0x4 CMakeFiles/One_Shot.dir/home/ylo/.pico-sdk/sdk/2.1.0/src/rp2_common/pico_standard_binary_info/standard_binary_info.c.o
 .binary_info.keep.__bi_ptr54
                0x10005000        0x4 CMakeFiles/One_Shot.dir/home/ylo/.pico-sdk/sdk/2.1.0/src/rp2_common/pico_standard_binary_info/standard_binary_info.c.o
 .binary_info.keep.__bi_ptr48
                0x10005004        0x4 CMakeFiles/One_Shot.dir/home/ylo/.pico-sdk/sdk/2.1.0/src/rp2_common/pico_standard_binary_info/standard_binary_info.c.o
 .binary_info.keep.__bi_ptr42
                0x10005008        0x4 CMakeFiles/One_Shot.dir/home/ylo/.pico-sdk/sdk/2.1.0/src/rp2_common/pico_standard_binary_info/standard_binary_info.c.o
 .binary_info.keep.__bi_ptr34
                0x1000500c        0x4 CMakeFiles/One_Shot.dir/home/ylo/.pico-sdk/sdk/2.1.0/src/rp2_common/pico_standard_binary_info/standard_binary_info.c.o
 .binary_info.keep.__bi_ptr26
                0x10005010        0x4 CMakeFiles/One_Shot.dir/home/ylo/.pico-sdk/sdk/2.1.0/src/rp2_common/pico_standard_binary_info/standard_binary_info.c.o
 *(.binary_info.*)
 .binary_info.__bi_ptr197
                0x10005014        0x4 CMakeFiles/One_Shot.dir/home/ylo/.pico-sdk/sdk/2.1.0/src/rp2_common/pico_stdio_usb/stdio_usb.c.o
                0x10005018                        __binary_info_end = .

.rel.dyn        0x10005018        0x0
 .rel.iplt      0x10005018        0x0 /home/ylo/.pico-sdk/toolchain/13_3_Rel1/bin/../lib/gcc/arm-none-eabi/13.3.1/thumb/v6-m/nofp/crtbegin.o
                0x10005018                        . = ALIGN (0x4)

.ram_vector_table
                0x20000000       0xc0
 *(.ram_vector_table)
 .ram_vector_table
                0x20000000       0xc0 CMakeFiles/One_Shot.dir/home/ylo/.pico-sdk/sdk/2.1.0/src/rp2_common/pico_runtime_init/runtime_init.c.o
                0x20000000                ram_vector_table

.uninitialized_data
                0x200000c0        0x0
                0x200000c0                        . = ALIGN (0x4)
 *(.uninitialized_data*)

.data           0x200000c0      0xfa0 load address 0x10005018
                0x200000c0                        __data_start__ = .
 *(vtable)
 *(.time_critical*)
 .time_critical.mutex_try_enter
                0x200000c0       0x40 CMakeFiles/One_Shot.dir/home/ylo/.pico-sdk/sdk/2.1.0/src/common/pico_sync/mutex.c.o
                0x200000c0                mutex_try_enter
 .time_critical.mutex_try_enter_block_until
                0x20000100       0x9c CMakeFiles/One_Shot.dir/home/ylo/.pico-sdk/sdk/2.1.0/src/common/pico_sync/mutex.c.o
                0x20000100                mutex_try_enter_block_until
 .time_critical.mutex_enter_timeout_ms
                0x2000019c       0x90 CMakeFiles/One_Shot.dir/home/ylo/.pico-sdk/sdk/2.1.0/src/common/pico_sync/mutex.c.o
                0x2000019c                mutex_enter_timeout_ms
 .time_critical.mutex_exit
                0x2000022c       0x28 CMakeFiles/One_Shot.dir/home/ylo/.pico-sdk/sdk/2.1.0/src/common/pico_sync/mutex.c.o
                0x2000022c                mutex_exit
 .time_critical.flash_init_boot2_copyout
                0x20000254       0x30 CMakeFiles/One_Shot.dir/home/ylo/.pico-sdk/sdk/2.1.0/src/rp2_common/hardware_flash/flash.c.o
 .time_critical.flash_enable_xip_via_boot2
                0x20000284        0xc CMakeFiles/One_Shot.dir/home/ylo/.pico-sdk/sdk/2.1.0/src/rp2_common/hardware_flash/flash.c.o
 .time_critical.flash_cs_force
                0x20000290       0x38 CMakeFiles/One_Shot.dir/home/ylo/.pico-sdk/sdk/2.1.0/src/rp2_common/hardware_flash/flash.c.o
 .time_critical.flash_do_cmd
                0x200002c8       0xc0 CMakeFiles/One_Shot.dir/home/ylo/.pico-sdk/sdk/2.1.0/src/rp2_common/hardware_flash/flash.c.o
                0x200002c8                flash_do_cmd
 .time_critical.reset_non_control_endpoints
                0x20000388       0x68 CMakeFiles/One_Shot.dir/home/ylo/.pico-sdk/sdk/2.1.0/lib/tinyusb/src/portable/raspberrypi/rp2040/dcd_rp2040.c.o
 .time_critical.hw_handle_buff_status
                0x200003f0       0xb0 CMakeFiles/One_Shot.dir/home/ylo/.pico-sdk/sdk/2.1.0/lib/tinyusb/src/portable/raspberrypi/rp2040/dcd_rp2040.c.o
 .time_critical.dcd_rp2040_irq
                0x200004a0      0x578 CMakeFiles/One_Shot.dir/home/ylo/.pico-sdk/sdk/2.1.0/lib/tinyusb/src/portable/raspberrypi/rp2040/dcd_rp2040.c.o
 .time_critical.prepare_ep_buffer
                0x20000a18       0xe0 CMakeFiles/One_Shot.dir/home/ylo/.pico-sdk/sdk/2.1.0/lib/tinyusb/src/portable/raspberrypi/rp2040/rp2040_usb.c.o
 .time_critical.sync_ep_buffer
                0x20000af8       0xa8 CMakeFiles/One_Shot.dir/home/ylo/.pico-sdk/sdk/2.1.0/lib/tinyusb/src/portable/raspberrypi/rp2040/rp2040_usb.c.o
 .time_critical._hw_endpoint_xfer_sync
                0x20000ba0       0x28 CMakeFiles/One_Shot.dir/home/ylo/.pico-sdk/sdk/2.1.0/lib/tinyusb/src/portable/raspberrypi/rp2040/rp2040_usb.c.o
 .time_critical.e15_is_bulkin_ep
                0x20000bc8       0x28 CMakeFiles/One_Shot.dir/home/ylo/.pico-sdk/sdk/2.1.0/lib/tinyusb/src/portable/raspberrypi/rp2040/rp2040_usb.c.o
 .time_critical.e15_is_critical_frame_period
                0x20000bf0       0x34 CMakeFiles/One_Shot.dir/home/ylo/.pico-sdk/sdk/2.1.0/lib/tinyusb/src/portable/raspberrypi/rp2040/rp2040_usb.c.o
 .time_critical.hw_endpoint_reset_transfer
                0x20000c24        0xc CMakeFiles/One_Shot.dir/home/ylo/.pico-sdk/sdk/2.1.0/lib/tinyusb/src/portable/raspberrypi/rp2040/rp2040_usb.c.o
                0x20000c24                hw_endpoint_reset_transfer
 .time_critical._hw_endpoint_buffer_control_update32
                0x20000c30       0x50 CMakeFiles/One_Shot.dir/home/ylo/.pico-sdk/sdk/2.1.0/lib/tinyusb/src/portable/raspberrypi/rp2040/rp2040_usb.c.o
                0x20000c30                _hw_endpoint_buffer_control_update32
 .time_critical.hw_endpoint_start_next_buffer
                0x20000c80       0x6c CMakeFiles/One_Shot.dir/home/ylo/.pico-sdk/sdk/2.1.0/lib/tinyusb/src/portable/raspberrypi/rp2040/rp2040_usb.c.o
                0x20000c80                hw_endpoint_start_next_buffer
 .time_critical.hw_endpoint_xfer_continue
                0x20000cec       0x40 CMakeFiles/One_Shot.dir/home/ylo/.pico-sdk/sdk/2.1.0/lib/tinyusb/src/portable/raspberrypi/rp2040/rp2040_usb.c.o
                0x20000cec                hw_endpoint_xfer_continue
 .time_critical.tinyusb
                0x20000d2c      0x1e4 CMakeFiles/One_Shot.dir/home/ylo/.pico-sdk/sdk/2.1.0/lib/tinyusb/src/device/usbd.c.o
                0x20000d2c                dcd_event_handler
 *(.text*)
 .text          0x20000f10        0x4 /home/ylo/.pico-sdk/toolchain/13_3_Rel1/bin/../lib/gcc/arm-none-eabi/13.3.1/thumb/v6-m/nofp/libgcc.a(_dvmd_tls.o)
                0x20000f10                __aeabi_ldiv0
                0x20000f10                __aeabi_idiv0
 *fill*         0x20000f14        0x4 
 .text.__stub   0x20000f18       0x80 linker stubs
                0x20000f98                        . = ALIGN (0x4)
 *(.rodata*)
                0x20000f98                        . = ALIGN (0x4)
 *(.data*)
 .data.striped_spin_lock_num
                0x20000f98        0x1 CMakeFiles/One_Shot.dir/home/ylo/.pico-sdk/sdk/2.1.0/src/rp2_common/hardware_sync/sync.c.o
 *fill*         0x20000f99        0x3 
 .data          0x20000f9c       0x48 CMakeFiles/One_Shot.dir/home/ylo/.pico-sdk/sdk/2.1.0/src/rp2_common/hardware_irq/irq_handler_chain.S.o
                0x20000f9c                irq_handler_chain_slots
                0x20000fcc                irq_handler_chain_first_slot
                0x20000fd6                irq_handler_chain_remove_tail
 .data.default_alarm_pool
                0x20000fe4       0x18 CMakeFiles/One_Shot.dir/home/ylo/.pico-sdk/sdk/2.1.0/src/common/pico_time/time.c.o
 *fill*         0x20000ffc        0x4 
 .data.aeabi_bits_funcs
                0x20001000       0x10 CMakeFiles/One_Shot.dir/home/ylo/.pico-sdk/sdk/2.1.0/src/rp2_common/pico_bit_ops/bit_ops_aeabi.S.o
                0x20001000                aeabi_bits_funcs
                0x20001010                aeabi_bits_funcs_end
 .data.aeabi_mem_funcs
                0x20001010       0x10 CMakeFiles/One_Shot.dir/home/ylo/.pico-sdk/sdk/2.1.0/src/rp2_common/pico_mem_ops/mem_ops_aeabi.S.o
                0x20001010                aeabi_mem_funcs
                0x20001020                aeabi_mem_funcs_end
 .data.stdio_usb
                0x20001020       0x18 CMakeFiles/One_Shot.dir/home/ylo/.pico-sdk/sdk/2.1.0/src/rp2_common/pico_stdio_usb/stdio_usb.c.o
                0x20001020                stdio_usb
 .data._usbd_qdef
                0x20001038       0x1c CMakeFiles/One_Shot.dir/home/ylo/.pico-sdk/sdk/2.1.0/lib/tinyusb/src/device/usbd.c.o
                0x20001038                _usbd_qdef
 .data._usbd_rhport
                0x20001054        0x1 CMakeFiles/One_Shot.dir/home/ylo/.pico-sdk/sdk/2.1.0/lib/tinyusb/src/device/usbd.c.o
                0x20001058                        . = ALIGN (0x4)
 *fill*         0x20001055        0x3 
 *(.after_data.*)
                0x20001058                        . = ALIGN (0x4)
                0x20001058                        PROVIDE (__mutex_array_start = .)
 *(SORT_BY_NAME(.mutex_array.*))
 *(.mutex_array)
 .mutex_array   0x20001058        0x8 CMakeFiles/One_Shot.dir/home/ylo/.pico-sdk/sdk/2.1.0/src/rp2_common/pico_stdio/stdio.c.o
                0x20001060                        PROVIDE (__mutex_array_end = .)
                0x20001060                        . = ALIGN (0x4)
 *(.jcr)
                0x20001060                        . = ALIGN (0x4)

.tm_clone_table
                0x20001060        0x0 load address 0x10005fb8
 .tm_clone_table
                0x20001060        0x0 /home/ylo/.pico-sdk/toolchain/13_3_Rel1/bin/../lib/gcc/arm-none-eabi/13.3.1/thumb/v6-m/nofp/crtbegin.o
 .tm_clone_table
                0x20001060        0x0 /home/ylo/.pico-sdk/toolchain/13_3_Rel1/bin/../lib/gcc/arm-none-eabi/13.3.1/thumb/v6-m/nofp/crtend.o

.igot.plt       0x20001060        0x0 load address 0x10005fb8
 .igot.plt      0x20001060        0x0 /home/ylo/.pico-sdk/toolchain/13_3_Rel1/bin/../lib/gcc/arm-none-eabi/13.3.1/thumb/v6-m/nofp/crtbegin.o

.tdata          0x20001060        0x0 load address 0x10005fb8
                0x20001060                        . = ALIGN (0x4)
 *(.tdata .tdata.* .gnu.linkonce.td.*)
                0x20001060                        __tdata_end = .
                0x20001060                        PROVIDE (__data_end__ = .)
                0x10005018                        __etext = LOADADDR (.data)

.tbss           0x20001060        0x0 load address 0x10005fb8
                0x20001060                        . = ALIGN (0x4)
                0x20001060                        __bss_start__ = .
                0x20001060                        __tls_base = .
 *(.tbss .tbss.* .gnu.linkonce.tb.*)
 *(.tcommon)
                0x20001060                        __tls_end = .

.bss            0x20001060     0x1088 load address 0x10005fb8
                0x20001060                        . = ALIGN (0x4)
                0x20001060                        __tbss_end = .
 *(SORT_BY_ALIGNMENT(SORT_BY_NAME(.bss*)))
 .bss.default_alarm_pool_entries
                0x20001060      0x180 CMakeFiles/One_Shot.dir/home/ylo/.pico-sdk/sdk/2.1.0/src/common/pico_time/time.c.o
 .bss.last_avail_time.1
                0x200011e0        0x8 CMakeFiles/One_Shot.dir/home/ylo/.pico-sdk/sdk/2.1.0/src/rp2_common/pico_stdio_usb/stdio_usb.c.o
 .bss.sd_table  0x200011e8      0x100 CMakeFiles/One_Shot.dir/home/ylo/.pico-sdk/sdk/2.1.0/src/rp2_common/pico_double/double_init_rom_rp2040.c.o
                0x200011e8                sd_table
 .bss._app_driver
                0x200012e8        0x4 CMakeFiles/One_Shot.dir/home/ylo/.pico-sdk/sdk/2.1.0/lib/tinyusb/src/device/usbd.c.o
 .bss._cdcd_fifo_cfg
                0x200012ec        0x1 CMakeFiles/One_Shot.dir/home/ylo/.pico-sdk/sdk/2.1.0/lib/tinyusb/src/class/cdc/cdc_device.c.o
 *fill*         0x200012ed        0x3 
 .bss._cdcd_itf
                0x200012f0      0x2c8 CMakeFiles/One_Shot.dir/home/ylo/.pico-sdk/sdk/2.1.0/lib/tinyusb/src/class/cdc/cdc_device.c.o
 .bss._ctrl_xfer
                0x200015b8       0x14 CMakeFiles/One_Shot.dir/home/ylo/.pico-sdk/sdk/2.1.0/lib/tinyusb/src/device/usbd_control.c.o
 .bss._ubsd_mutexdef
                0x200015cc        0x8 CMakeFiles/One_Shot.dir/home/ylo/.pico-sdk/sdk/2.1.0/lib/tinyusb/src/device/usbd.c.o
 .bss._usbd_ctrl_buf
                0x200015d4       0x40 CMakeFiles/One_Shot.dir/home/ylo/.pico-sdk/sdk/2.1.0/lib/tinyusb/src/device/usbd_control.c.o
 .bss._usbd_dev
                0x20001614       0x54 CMakeFiles/One_Shot.dir/home/ylo/.pico-sdk/sdk/2.1.0/lib/tinyusb/src/device/usbd.c.o
 .bss._usbd_mutex
                0x20001668        0x4 CMakeFiles/One_Shot.dir/home/ylo/.pico-sdk/sdk/2.1.0/lib/tinyusb/src/device/usbd.c.o
 .bss._usbd_q   0x2000166c        0x4 CMakeFiles/One_Shot.dir/home/ylo/.pico-sdk/sdk/2.1.0/lib/tinyusb/src/device/usbd.c.o
 .bss._usbd_qdef_buf
                0x20001670       0xc0 CMakeFiles/One_Shot.dir/home/ylo/.pico-sdk/sdk/2.1.0/lib/tinyusb/src/device/usbd.c.o
                0x20001670                _usbd_qdef_buf
 .bss._vendord_itf
                0x20001730      0x2cc CMakeFiles/One_Shot.dir/home/ylo/.pico-sdk/sdk/2.1.0/lib/tinyusb/src/class/vendor/vendor_device.c.o
 .bss.boot2_copyout
                0x200019fc      0x100 CMakeFiles/One_Shot.dir/home/ylo/.pico-sdk/sdk/2.1.0/src/rp2_common/hardware_flash/flash.c.o
 .bss.callbacks
                0x20001afc        0x8 CMakeFiles/One_Shot.dir/home/ylo/.pico-sdk/sdk/2.1.0/src/rp2_common/hardware_gpio/gpio.c.o
 .bss.chars_available_callback
                0x20001b04        0x4 CMakeFiles/One_Shot.dir/home/ylo/.pico-sdk/sdk/2.1.0/src/rp2_common/pico_stdio_usb/stdio_usb.c.o
 .bss.chars_available_param
                0x20001b08        0x4 CMakeFiles/One_Shot.dir/home/ylo/.pico-sdk/sdk/2.1.0/src/rp2_common/pico_stdio_usb/stdio_usb.c.o
 .bss.claimed   0x20001b0c        0x4 CMakeFiles/One_Shot.dir/home/ylo/.pico-sdk/sdk/2.1.0/src/rp2_common/hardware_sync/sync.c.o
 .bss.claimed   0x20001b10        0x1 CMakeFiles/One_Shot.dir/home/ylo/.pico-sdk/sdk/2.1.0/src/rp2_common/hardware_timer/timer.c.o
 *fill*         0x20001b11        0x3 
 .bss.configured_freq
                0x20001b14       0x28 CMakeFiles/One_Shot.dir/home/ylo/.pico-sdk/sdk/2.1.0/src/rp2_common/hardware_clocks/clocks.c.o
 .bss.desc_str.0
                0x20001b3c       0x28 CMakeFiles/One_Shot.dir/home/ylo/.pico-sdk/sdk/2.1.0/src/rp2_common/pico_stdio_usb/stdio_usb_descriptors.c.o
 .bss.drivers   0x20001b64        0x4 CMakeFiles/One_Shot.dir/home/ylo/.pico-sdk/sdk/2.1.0/src/rp2_common/pico_stdio/stdio.c.o
 .bss.e15_last_sof
                0x20001b68        0x4 CMakeFiles/One_Shot.dir/home/ylo/.pico-sdk/sdk/2.1.0/lib/tinyusb/src/portable/raspberrypi/rp2040/rp2040_usb.c.o
                0x20001b68                e15_last_sof
 .bss.filter    0x20001b6c        0x4 CMakeFiles/One_Shot.dir/home/ylo/.pico-sdk/sdk/2.1.0/src/rp2_common/pico_stdio/stdio.c.o
 .bss.hw_endpoints
                0x20001b70      0x400 CMakeFiles/One_Shot.dir/home/ylo/.pico-sdk/sdk/2.1.0/lib/tinyusb/src/portable/raspberrypi/rp2040/dcd_rp2040.c.o
 .bss.lazy_vsnprintf
                0x20001f70        0x4 CMakeFiles/One_Shot.dir/home/ylo/.pico-sdk/sdk/2.1.0/src/rp2_common/pico_printf/printf.c.o
 .bss.load_value
                0x20001f74        0x4 CMakeFiles/One_Shot.dir/home/ylo/.pico-sdk/sdk/2.1.0/src/rp2_common/hardware_watchdog/watchdog.c.o
 .bss.next_buffer_ptr
                0x20001f78        0x4 CMakeFiles/One_Shot.dir/home/ylo/.pico-sdk/sdk/2.1.0/lib/tinyusb/src/portable/raspberrypi/rp2040/dcd_rp2040.c.o
 .bss.object.0  0x20001f7c       0x18 /home/ylo/.pico-sdk/toolchain/13_3_Rel1/bin/../lib/gcc/arm-none-eabi/13.3.1/thumb/v6-m/nofp/crtbegin.o
 .bss.one_shot_timer_crit_sec
                0x20001f94        0x8 CMakeFiles/One_Shot.dir/home/ylo/.pico-sdk/sdk/2.1.0/src/rp2_common/pico_stdio_usb/stdio_usb.c.o
 .bss.pools     0x20001f9c       0x10 CMakeFiles/One_Shot.dir/home/ylo/.pico-sdk/sdk/2.1.0/src/common/pico_time/time.c.o
 .bss.raw_irq_mask
                0x20001fac        0x8 CMakeFiles/One_Shot.dir/home/ylo/.pico-sdk/sdk/2.1.0/src/rp2_common/hardware_gpio/gpio.c.o
 .bss.retrieved_id
                0x20001fb4        0x8 CMakeFiles/One_Shot.dir/home/ylo/.pico-sdk/sdk/2.1.0/src/rp2_common/pico_unique_id/unique_id.c.o
 .bss.sf_clz_func
                0x20001fbc        0x4 CMakeFiles/One_Shot.dir/home/ylo/.pico-sdk/sdk/2.1.0/src/rp2_common/pico_double/double_init_rom_rp2040.c.o
                0x20001fbc                sf_clz_func
 .bss.sf_table  0x20001fc0      0x100 CMakeFiles/One_Shot.dir/home/ylo/.pico-sdk/sdk/2.1.0/src/rp2_common/pico_float/float_init_rom_rp2040.c.o
                0x20001fc0                sf_table
 .bss.sleep_notifier
                0x200020c0        0x4 CMakeFiles/One_Shot.dir/home/ylo/.pico-sdk/sdk/2.1.0/src/common/pico_time/time.c.o
 .bss.stdio_usb_mutex
                0x200020c4        0x8 CMakeFiles/One_Shot.dir/home/ylo/.pico-sdk/sdk/2.1.0/src/rp2_common/pico_stdio_usb/stdio_usb.c.o
 .bss.usbd_serial_str
                0x200020cc       0x11 CMakeFiles/One_Shot.dir/home/ylo/.pico-sdk/sdk/2.1.0/src/rp2_common/pico_stdio_usb/stdio_usb_descriptors.c.o
 .bss._app_driver_count
                0x200020dd        0x1 CMakeFiles/One_Shot.dir/home/ylo/.pico-sdk/sdk/2.1.0/lib/tinyusb/src/device/usbd.c.o
 .bss._sof_enable
                0x200020de        0x1 CMakeFiles/One_Shot.dir/home/ylo/.pico-sdk/sdk/2.1.0/lib/tinyusb/src/portable/raspberrypi/rp2040/dcd_rp2040.c.o
 .bss._usbd_queued_setup
                0x200020df        0x1 CMakeFiles/One_Shot.dir/home/ylo/.pico-sdk/sdk/2.1.0/lib/tinyusb/src/device/usbd.c.o
 .bss.boot2_copyout_valid
                0x200020e0        0x1 CMakeFiles/One_Shot.dir/home/ylo/.pico-sdk/sdk/2.1.0/src/rp2_common/hardware_flash/flash.c.o
 .bss.irq_handler_chain_free_slot_head
                0x200020e1        0x1 CMakeFiles/One_Shot.dir/home/ylo/.pico-sdk/sdk/2.1.0/src/rp2_common/hardware_irq/irq.c.o
 .bss.itf_num   0x200020e2        0x1 CMakeFiles/One_Shot.dir/home/ylo/.pico-sdk/sdk/2.1.0/src/rp2_common/pico_stdio_usb/reset_interface.c.o
 .bss.led_sequence_active
                0x200020e3        0x1 CMakeFiles/One_Shot.dir/One_Shot.c.o
                0x200020e3                led_sequence_active
 .bss.low_priority_irq_num
                0x200020e4        0x1 CMakeFiles/One_Shot.dir/home/ylo/.pico-sdk/sdk/2.1.0/src/rp2_common/pico_stdio_usb/stdio_usb.c.o
 .bss.one_shot_timer_pending
                0x200020e5        0x1 CMakeFiles/One_Shot.dir/home/ylo/.pico-sdk/sdk/2.1.0/src/rp2_common/pico_stdio_usb/stdio_usb.c.o
 .bss.user_irq_claimed
                0x200020e6        0x1 CMakeFiles/One_Shot.dir/home/ylo/.pico-sdk/sdk/2.1.0/src/rp2_common/hardware_irq/irq.c.o
 *(COMMON)
                0x200020e8                        . = ALIGN (0x4)
 *fill*         0x200020e7        0x1 
                0x200020e8                        __bss_end__ = .

.heap           0x200020e8      0x800 load address 0x10005fb8
                0x200020e8                        __end__ = .
                0x200020e8                        end = __end__
 *(.heap*)
 .heap          0x200020e8      0x800 CMakeFiles/One_Shot.dir/home/ylo/.pico-sdk/sdk/2.1.0/src/rp2_common/pico_crt0/crt0.S.o
                0x20040000                        __HeapLimit = (ORIGIN (RAM) + LENGTH (RAM))

.scratch_x      0x20040000        0x0 load address 0x10005fb8
                0x20040000                        __scratch_x_start__ = .
 *(.scratch_x.*)
                0x20040000                        . = ALIGN (0x4)
                0x20040000                        __scratch_x_end__ = .
                0x10005fb8                        __scratch_x_source__ = LOADADDR (.scratch_x)

.scratch_y      0x20041000        0x0 load address 0x10005fb8
                0x20041000                        __scratch_y_start__ = .
 *(.scratch_y.*)
                0x20041000                        . = ALIGN (0x4)
                0x20041000                        __scratch_y_end__ = .
                0x10005fb8                        __scratch_y_source__ = LOADADDR (.scratch_y)

.stack1_dummy
 *(.stack1*)

.stack_dummy    0x20041000      0x800
 *(.stack*)
 .stack         0x20041000      0x800 CMakeFiles/One_Shot.dir/home/ylo/.pico-sdk/sdk/2.1.0/src/rp2_common/pico_crt0/crt0.S.o

.flash_end      0x10005fb8        0x0
 *(.embedded_end_block*)
                0x10005fb8                        PROVIDE (__flash_binary_end = .)
                0x20040000                        __StackLimit = (ORIGIN (RAM) + LENGTH (RAM))
                0x20041000                        __StackOneTop = (ORIGIN (SCRATCH_X) + LENGTH (SCRATCH_X))
                0x20042000                        __StackTop = (ORIGIN (SCRATCH_Y) + LENGTH (SCRATCH_Y))
                0x20041000                        __StackOneBottom = (__StackOneTop - SIZEOF (.stack1_dummy))
                0x20041800                        __StackBottom = (__StackTop - SIZEOF (.stack_dummy))
                0x20042000                        PROVIDE (__stack = __StackTop)
                [!provide]                        PROVIDE (__heap_start = __end__)
                [!provide]                        PROVIDE (__heap_end = __HeapLimit)
                [!provide]                        PROVIDE (__tls_align = MAX (ALIGNOF (.tdata), ALIGNOF (.tbss)))
                [!provide]                        PROVIDE (__tls_size_align = (((__tls_size + __tls_align) - 0x1) & ~ ((__tls_align - 0x1))))
                [!provide]                        PROVIDE (__arm32_tls_tcb_offset = MAX (0x8, __tls_align))
                [!provide]                        PROVIDE (_end = __end__)
                [!provide]                        PROVIDE (__llvm_libc_heap_limit = __HeapLimit)
                0x00000001                        ASSERT ((__StackLimit >= __HeapLimit), region RAM overflowed)
                0x00000001                        ASSERT (((__binary_info_header_end - __logical_binary_start) <= 0x100), Binary info must be in first 256 bytes of the binary)
LOAD CMakeFiles/One_Shot.dir/One_Shot.c.o
LOAD CMakeFiles/One_Shot.dir/home/ylo/.pico-sdk/sdk/2.1.0/src/rp2_common/pico_stdlib/stdlib.c.o
LOAD CMakeFiles/One_Shot.dir/home/ylo/.pico-sdk/sdk/2.1.0/src/rp2_common/hardware_gpio/gpio.c.o
LOAD CMakeFiles/One_Shot.dir/home/ylo/.pico-sdk/sdk/2.1.0/src/rp2040/pico_platform/platform.c.o
LOAD CMakeFiles/One_Shot.dir/home/ylo/.pico-sdk/sdk/2.1.0/src/rp2_common/pico_platform_panic/panic.c.o
LOAD CMakeFiles/One_Shot.dir/home/ylo/.pico-sdk/sdk/2.1.0/src/common/hardware_claim/claim.c.o
LOAD CMakeFiles/One_Shot.dir/home/ylo/.pico-sdk/sdk/2.1.0/src/rp2_common/hardware_sync/sync.c.o
LOAD CMakeFiles/One_Shot.dir/home/ylo/.pico-sdk/sdk/2.1.0/src/rp2_common/hardware_sync_spin_lock/sync_spin_lock.c.o
LOAD CMakeFiles/One_Shot.dir/home/ylo/.pico-sdk/sdk/2.1.0/src/rp2_common/hardware_irq/irq.c.o
LOAD CMakeFiles/One_Shot.dir/home/ylo/.pico-sdk/sdk/2.1.0/src/rp2_common/hardware_irq/irq_handler_chain.S.o
LOAD CMakeFiles/One_Shot.dir/home/ylo/.pico-sdk/sdk/2.1.0/src/common/pico_sync/sem.c.o
LOAD CMakeFiles/One_Shot.dir/home/ylo/.pico-sdk/sdk/2.1.0/src/common/pico_sync/lock_core.c.o
LOAD CMakeFiles/One_Shot.dir/home/ylo/.pico-sdk/sdk/2.1.0/src/common/pico_sync/mutex.c.o
LOAD CMakeFiles/One_Shot.dir/home/ylo/.pico-sdk/sdk/2.1.0/src/common/pico_sync/critical_section.c.o
LOAD CMakeFiles/One_Shot.dir/home/ylo/.pico-sdk/sdk/2.1.0/src/common/pico_time/time.c.o
LOAD CMakeFiles/One_Shot.dir/home/ylo/.pico-sdk/sdk/2.1.0/src/common/pico_time/timeout_helper.c.o
LOAD CMakeFiles/One_Shot.dir/home/ylo/.pico-sdk/sdk/2.1.0/src/rp2_common/hardware_timer/timer.c.o
LOAD CMakeFiles/One_Shot.dir/home/ylo/.pico-sdk/sdk/2.1.0/src/common/pico_util/datetime.c.o
LOAD CMakeFiles/One_Shot.dir/home/ylo/.pico-sdk/sdk/2.1.0/src/common/pico_util/pheap.c.o
LOAD CMakeFiles/One_Shot.dir/home/ylo/.pico-sdk/sdk/2.1.0/src/common/pico_util/queue.c.o
LOAD CMakeFiles/One_Shot.dir/home/ylo/.pico-sdk/sdk/2.1.0/src/rp2_common/hardware_uart/uart.c.o
LOAD CMakeFiles/One_Shot.dir/home/ylo/.pico-sdk/sdk/2.1.0/src/rp2_common/hardware_clocks/clocks.c.o
LOAD CMakeFiles/One_Shot.dir/home/ylo/.pico-sdk/sdk/2.1.0/src/rp2_common/hardware_pll/pll.c.o
LOAD CMakeFiles/One_Shot.dir/home/ylo/.pico-sdk/sdk/2.1.0/src/rp2_common/hardware_vreg/vreg.c.o
LOAD CMakeFiles/One_Shot.dir/home/ylo/.pico-sdk/sdk/2.1.0/src/rp2_common/hardware_watchdog/watchdog.c.o
LOAD CMakeFiles/One_Shot.dir/home/ylo/.pico-sdk/sdk/2.1.0/src/rp2_common/hardware_ticks/ticks.c.o
LOAD CMakeFiles/One_Shot.dir/home/ylo/.pico-sdk/sdk/2.1.0/src/rp2_common/pico_bootrom/bootrom.c.o
LOAD CMakeFiles/One_Shot.dir/home/ylo/.pico-sdk/sdk/2.1.0/src/rp2_common/pico_bootrom/bootrom_lock.c.o
LOAD CMakeFiles/One_Shot.dir/home/ylo/.pico-sdk/sdk/2.1.0/src/rp2_common/hardware_boot_lock/boot_lock.c.o
LOAD CMakeFiles/One_Shot.dir/home/ylo/.pico-sdk/sdk/2.1.0/src/rp2_common/pico_flash/flash.c.o
LOAD CMakeFiles/One_Shot.dir/home/ylo/.pico-sdk/sdk/2.1.0/src/rp2_common/hardware_xosc/xosc.c.o
LOAD CMakeFiles/One_Shot.dir/home/ylo/.pico-sdk/sdk/2.1.0/src/rp2_common/hardware_divider/divider.S.o
LOAD CMakeFiles/One_Shot.dir/home/ylo/.pico-sdk/sdk/2.1.0/src/rp2_common/pico_runtime/runtime.c.o
LOAD CMakeFiles/One_Shot.dir/home/ylo/.pico-sdk/sdk/2.1.0/src/rp2_common/pico_runtime_init/runtime_init.c.o
LOAD CMakeFiles/One_Shot.dir/home/ylo/.pico-sdk/sdk/2.1.0/src/rp2_common/pico_runtime_init/runtime_init_clocks.c.o
LOAD CMakeFiles/One_Shot.dir/home/ylo/.pico-sdk/sdk/2.1.0/src/rp2_common/pico_runtime_init/runtime_init_stack_guard.c.o
LOAD CMakeFiles/One_Shot.dir/home/ylo/.pico-sdk/sdk/2.1.0/src/rp2_common/pico_bit_ops/bit_ops_aeabi.S.o
LOAD CMakeFiles/One_Shot.dir/home/ylo/.pico-sdk/sdk/2.1.0/src/rp2_common/pico_divider/divider_hardware.S.o
LOAD CMakeFiles/One_Shot.dir/home/ylo/.pico-sdk/sdk/2.1.0/src/rp2_common/pico_double/double_aeabi_rp2040.S.o
LOAD CMakeFiles/One_Shot.dir/home/ylo/.pico-sdk/sdk/2.1.0/src/rp2_common/pico_double/double_init_rom_rp2040.c.o
LOAD CMakeFiles/One_Shot.dir/home/ylo/.pico-sdk/sdk/2.1.0/src/rp2_common/pico_double/double_math.c.o
LOAD CMakeFiles/One_Shot.dir/home/ylo/.pico-sdk/sdk/2.1.0/src/rp2_common/pico_double/double_v1_rom_shim_rp2040.S.o
LOAD CMakeFiles/One_Shot.dir/home/ylo/.pico-sdk/sdk/2.1.0/src/rp2_common/pico_int64_ops/pico_int64_ops_aeabi.S.o
LOAD CMakeFiles/One_Shot.dir/home/ylo/.pico-sdk/sdk/2.1.0/src/rp2_common/pico_float/float_aeabi_rp2040.S.o
LOAD CMakeFiles/One_Shot.dir/home/ylo/.pico-sdk/sdk/2.1.0/src/rp2_common/pico_float/float_init_rom_rp2040.c.o
LOAD CMakeFiles/One_Shot.dir/home/ylo/.pico-sdk/sdk/2.1.0/src/rp2_common/pico_float/float_math.c.o
LOAD CMakeFiles/One_Shot.dir/home/ylo/.pico-sdk/sdk/2.1.0/src/rp2_common/pico_float/float_v1_rom_shim_rp2040.S.o
LOAD CMakeFiles/One_Shot.dir/home/ylo/.pico-sdk/sdk/2.1.0/src/rp2_common/pico_malloc/malloc.c.o
LOAD CMakeFiles/One_Shot.dir/home/ylo/.pico-sdk/sdk/2.1.0/src/rp2_common/pico_mem_ops/mem_ops_aeabi.S.o
LOAD CMakeFiles/One_Shot.dir/home/ylo/.pico-sdk/sdk/2.1.0/src/rp2_common/pico_atomic/atomic.c.o
LOAD CMakeFiles/One_Shot.dir/home/ylo/.pico-sdk/sdk/2.1.0/src/rp2_common/pico_cxx_options/new_delete.cpp.o
LOAD CMakeFiles/One_Shot.dir/home/ylo/.pico-sdk/sdk/2.1.0/src/rp2_common/pico_standard_binary_info/standard_binary_info.c.o
LOAD CMakeFiles/One_Shot.dir/home/ylo/.pico-sdk/sdk/2.1.0/src/rp2_common/pico_printf/printf.c.o
LOAD CMakeFiles/One_Shot.dir/home/ylo/.pico-sdk/sdk/2.1.0/src/rp2_common/pico_crt0/crt0.S.o
LOAD CMakeFiles/One_Shot.dir/home/ylo/.pico-sdk/sdk/2.1.0/src/rp2_common/pico_clib_interface/newlib_interface.c.o
LOAD CMakeFiles/One_Shot.dir/home/ylo/.pico-sdk/sdk/2.1.0/src/rp2_common/pico_stdio/stdio.c.o
LOAD CMakeFiles/One_Shot.dir/home/ylo/.pico-sdk/sdk/2.1.0/src/rp2_common/pico_stdio_usb/reset_interface.c.o
LOAD CMakeFiles/One_Shot.dir/home/ylo/.pico-sdk/sdk/2.1.0/src/rp2_common/pico_stdio_usb/stdio_usb.c.o
LOAD CMakeFiles/One_Shot.dir/home/ylo/.pico-sdk/sdk/2.1.0/src/rp2_common/pico_stdio_usb/stdio_usb_descriptors.c.o
LOAD CMakeFiles/One_Shot.dir/home/ylo/.pico-sdk/sdk/2.1.0/src/rp2_common/pico_unique_id/unique_id.c.o
LOAD CMakeFiles/One_Shot.dir/home/ylo/.pico-sdk/sdk/2.1.0/src/rp2_common/hardware_flash/flash.c.o
LOAD CMakeFiles/One_Shot.dir/home/ylo/.pico-sdk/sdk/2.1.0/src/rp2_common/hardware_xip_cache/xip_cache.c.o
LOAD CMakeFiles/One_Shot.dir/home/ylo/.pico-sdk/sdk/2.1.0/lib/tinyusb/src/portable/raspberrypi/rp2040/dcd_rp2040.c.o
LOAD CMakeFiles/One_Shot.dir/home/ylo/.pico-sdk/sdk/2.1.0/lib/tinyusb/src/portable/raspberrypi/rp2040/rp2040_usb.c.o
LOAD CMakeFiles/One_Shot.dir/home/ylo/.pico-sdk/sdk/2.1.0/lib/tinyusb/src/device/usbd.c.o
LOAD CMakeFiles/One_Shot.dir/home/ylo/.pico-sdk/sdk/2.1.0/lib/tinyusb/src/device/usbd_control.c.o
LOAD CMakeFiles/One_Shot.dir/home/ylo/.pico-sdk/sdk/2.1.0/lib/tinyusb/src/class/audio/audio_device.c.o
LOAD CMakeFiles/One_Shot.dir/home/ylo/.pico-sdk/sdk/2.1.0/lib/tinyusb/src/class/cdc/cdc_device.c.o
LOAD CMakeFiles/One_Shot.dir/home/ylo/.pico-sdk/sdk/2.1.0/lib/tinyusb/src/class/dfu/dfu_device.c.o
LOAD CMakeFiles/One_Shot.dir/home/ylo/.pico-sdk/sdk/2.1.0/lib/tinyusb/src/class/dfu/dfu_rt_device.c.o
LOAD CMakeFiles/One_Shot.dir/home/ylo/.pico-sdk/sdk/2.1.0/lib/tinyusb/src/class/hid/hid_device.c.o
LOAD CMakeFiles/One_Shot.dir/home/ylo/.pico-sdk/sdk/2.1.0/lib/tinyusb/src/class/midi/midi_device.c.o
LOAD CMakeFiles/One_Shot.dir/home/ylo/.pico-sdk/sdk/2.1.0/lib/tinyusb/src/class/msc/msc_device.c.o
LOAD CMakeFiles/One_Shot.dir/home/ylo/.pico-sdk/sdk/2.1.0/lib/tinyusb/src/class/net/ecm_rndis_device.c.o
LOAD CMakeFiles/One_Shot.dir/home/ylo/.pico-sdk/sdk/2.1.0/lib/tinyusb/src/class/net/ncm_device.c.o
LOAD CMakeFiles/One_Shot.dir/home/ylo/.pico-sdk/sdk/2.1.0/lib/tinyusb/src/class/usbtmc/usbtmc_device.c.o
LOAD CMakeFiles/One_Shot.dir/home/ylo/.pico-sdk/sdk/2.1.0/lib/tinyusb/src/class/vendor/vendor_device.c.o
LOAD CMakeFiles/One_Shot.dir/home/ylo/.pico-sdk/sdk/2.1.0/lib/tinyusb/src/class/video/video_device.c.o
LOAD CMakeFiles/One_Shot.dir/home/ylo/.pico-sdk/sdk/2.1.0/lib/tinyusb/src/tusb.c.o
LOAD CMakeFiles/One_Shot.dir/home/ylo/.pico-sdk/sdk/2.1.0/lib/tinyusb/src/common/tusb_fifo.c.o
LOAD CMakeFiles/One_Shot.dir/home/ylo/.pico-sdk/sdk/2.1.0/src/rp2_common/pico_fix/rp2040_usb_device_enumeration/rp2040_usb_device_enumeration.c.o
LOAD pico-sdk/src/rp2040/boot_stage2/CMakeFiles/bs2_default_library.dir/./bs2_default_padded_checksummed.S.o
LOAD /home/ylo/.pico-sdk/toolchain/13_3_Rel1/bin/../lib/gcc/arm-none-eabi/13.3.1/../../../../arm-none-eabi/lib/thumb/v6-m/nofp/libstdc++.a
LOAD /home/ylo/.pico-sdk/toolchain/13_3_Rel1/bin/../lib/gcc/arm-none-eabi/13.3.1/../../../../arm-none-eabi/lib/thumb/v6-m/nofp/libm.a
START GROUP
LOAD /home/ylo/.pico-sdk/toolchain/13_3_Rel1/bin/../lib/gcc/arm-none-eabi/13.3.1/thumb/v6-m/nofp/libgcc.a
LOAD /home/ylo/.pico-sdk/toolchain/13_3_Rel1/bin/../lib/gcc/arm-none-eabi/13.3.1/../../../../arm-none-eabi/lib/thumb/v6-m/nofp/libg.a
LOAD /home/ylo/.pico-sdk/toolchain/13_3_Rel1/bin/../lib/gcc/arm-none-eabi/13.3.1/../../../../arm-none-eabi/lib/thumb/v6-m/nofp/libc.a
END GROUP
START GROUP
LOAD /home/ylo/.pico-sdk/toolchain/13_3_Rel1/bin/../lib/gcc/arm-none-eabi/13.3.1/thumb/v6-m/nofp/libgcc.a
LOAD /home/ylo/.pico-sdk/toolchain/13_3_Rel1/bin/../lib/gcc/arm-none-eabi/13.3.1/../../../../arm-none-eabi/lib/thumb/v6-m/nofp/libc.a
LOAD /home/ylo/.pico-sdk/toolchain/13_3_Rel1/bin/../lib/gcc/arm-none-eabi/13.3.1/../../../../arm-none-eabi/lib/thumb/v6-m/nofp/libnosys.a
END GROUP
LOAD /home/ylo/.pico-sdk/toolchain/13_3_Rel1/bin/../lib/gcc/arm-none-eabi/13.3.1/thumb/v6-m/nofp/crtend.o
LOAD /home/ylo/.pico-sdk/toolchain/13_3_Rel1/bin/../lib/gcc/arm-none-eabi/13.3.1/thumb/v6-m/nofp/crtn.o
OUTPUT(One_Shot.elf elf32-littlearm)
LOAD linker stubs

.ARM.attributes
                0x00000000       0x28
 .ARM.attributes
                0x00000000       0x1e /home/ylo/.pico-sdk/toolchain/13_3_Rel1/bin/../lib/gcc/arm-none-eabi/13.3.1/thumb/v6-m/nofp/crti.o
 .ARM.attributes
                0x0000001e       0x2c /home/ylo/.pico-sdk/toolchain/13_3_Rel1/bin/../lib/gcc/arm-none-eabi/13.3.1/thumb/v6-m/nofp/crtbegin.o
 .ARM.attributes
                0x0000004a       0x2c CMakeFiles/One_Shot.dir/One_Shot.c.o
 .ARM.attributes
                0x00000076       0x2c CMakeFiles/One_Shot.dir/home/ylo/.pico-sdk/sdk/2.1.0/src/rp2_common/hardware_gpio/gpio.c.o
 .ARM.attributes
                0x000000a2       0x2c CMakeFiles/One_Shot.dir/home/ylo/.pico-sdk/sdk/2.1.0/src/rp2040/pico_platform/platform.c.o
 .ARM.attributes
                0x000000ce       0x2c CMakeFiles/One_Shot.dir/home/ylo/.pico-sdk/sdk/2.1.0/src/rp2_common/pico_platform_panic/panic.c.o
 .ARM.attributes
                0x000000fa       0x2c CMakeFiles/One_Shot.dir/home/ylo/.pico-sdk/sdk/2.1.0/src/common/hardware_claim/claim.c.o
 .ARM.attributes
                0x00000126       0x2c CMakeFiles/One_Shot.dir/home/ylo/.pico-sdk/sdk/2.1.0/src/rp2_common/hardware_sync/sync.c.o
 .ARM.attributes
                0x00000152       0x2c CMakeFiles/One_Shot.dir/home/ylo/.pico-sdk/sdk/2.1.0/src/rp2_common/hardware_sync_spin_lock/sync_spin_lock.c.o
 .ARM.attributes
                0x0000017e       0x2c CMakeFiles/One_Shot.dir/home/ylo/.pico-sdk/sdk/2.1.0/src/rp2_common/hardware_irq/irq.c.o
 .ARM.attributes
                0x000001aa       0x22 CMakeFiles/One_Shot.dir/home/ylo/.pico-sdk/sdk/2.1.0/src/rp2_common/hardware_irq/irq_handler_chain.S.o
 .ARM.attributes
                0x000001cc       0x2c CMakeFiles/One_Shot.dir/home/ylo/.pico-sdk/sdk/2.1.0/src/common/pico_sync/lock_core.c.o
 .ARM.attributes
                0x000001f8       0x2c CMakeFiles/One_Shot.dir/home/ylo/.pico-sdk/sdk/2.1.0/src/common/pico_sync/mutex.c.o
 .ARM.attributes
                0x00000224       0x2c CMakeFiles/One_Shot.dir/home/ylo/.pico-sdk/sdk/2.1.0/src/common/pico_sync/critical_section.c.o
 .ARM.attributes
                0x00000250       0x2c CMakeFiles/One_Shot.dir/home/ylo/.pico-sdk/sdk/2.1.0/src/common/pico_time/time.c.o
 .ARM.attributes
                0x0000027c       0x2c CMakeFiles/One_Shot.dir/home/ylo/.pico-sdk/sdk/2.1.0/src/rp2_common/hardware_timer/timer.c.o
 .ARM.attributes
                0x000002a8       0x2c CMakeFiles/One_Shot.dir/home/ylo/.pico-sdk/sdk/2.1.0/src/rp2_common/hardware_clocks/clocks.c.o
 .ARM.attributes
                0x000002d4       0x2c CMakeFiles/One_Shot.dir/home/ylo/.pico-sdk/sdk/2.1.0/src/rp2_common/hardware_pll/pll.c.o
 .ARM.attributes
                0x00000300       0x2c CMakeFiles/One_Shot.dir/home/ylo/.pico-sdk/sdk/2.1.0/src/rp2_common/hardware_watchdog/watchdog.c.o
 .ARM.attributes
                0x0000032c       0x2c CMakeFiles/One_Shot.dir/home/ylo/.pico-sdk/sdk/2.1.0/src/rp2_common/hardware_ticks/ticks.c.o
 .ARM.attributes
                0x00000358       0x2c CMakeFiles/One_Shot.dir/home/ylo/.pico-sdk/sdk/2.1.0/src/rp2_common/pico_bootrom/bootrom.c.o
 .ARM.attributes
                0x00000384       0x2c CMakeFiles/One_Shot.dir/home/ylo/.pico-sdk/sdk/2.1.0/src/rp2_common/hardware_xosc/xosc.c.o
 .ARM.attributes
                0x000003b0       0x2c CMakeFiles/One_Shot.dir/home/ylo/.pico-sdk/sdk/2.1.0/src/rp2_common/pico_runtime/runtime.c.o
 .ARM.attributes
                0x000003dc       0x2c CMakeFiles/One_Shot.dir/home/ylo/.pico-sdk/sdk/2.1.0/src/rp2_common/pico_runtime_init/runtime_init.c.o
 .ARM.attributes
                0x00000408       0x2c CMakeFiles/One_Shot.dir/home/ylo/.pico-sdk/sdk/2.1.0/src/rp2_common/pico_runtime_init/runtime_init_clocks.c.o
 .ARM.attributes
                0x00000434       0x22 CMakeFiles/One_Shot.dir/home/ylo/.pico-sdk/sdk/2.1.0/src/rp2_common/pico_bit_ops/bit_ops_aeabi.S.o
 .ARM.attributes
                0x00000456       0x22 CMakeFiles/One_Shot.dir/home/ylo/.pico-sdk/sdk/2.1.0/src/rp2_common/pico_divider/divider_hardware.S.o
 .ARM.attributes
                0x00000478       0x22 CMakeFiles/One_Shot.dir/home/ylo/.pico-sdk/sdk/2.1.0/src/rp2_common/pico_double/double_aeabi_rp2040.S.o
 .ARM.attributes
                0x0000049a       0x2c CMakeFiles/One_Shot.dir/home/ylo/.pico-sdk/sdk/2.1.0/src/rp2_common/pico_double/double_init_rom_rp2040.c.o
 .ARM.attributes
                0x000004c6       0x22 CMakeFiles/One_Shot.dir/home/ylo/.pico-sdk/sdk/2.1.0/src/rp2_common/pico_double/double_v1_rom_shim_rp2040.S.o
 .ARM.attributes
                0x000004e8       0x22 CMakeFiles/One_Shot.dir/home/ylo/.pico-sdk/sdk/2.1.0/src/rp2_common/pico_int64_ops/pico_int64_ops_aeabi.S.o
 .ARM.attributes
                0x0000050a       0x22 CMakeFiles/One_Shot.dir/home/ylo/.pico-sdk/sdk/2.1.0/src/rp2_common/pico_float/float_aeabi_rp2040.S.o
 .ARM.attributes
                0x0000052c       0x2c CMakeFiles/One_Shot.dir/home/ylo/.pico-sdk/sdk/2.1.0/src/rp2_common/pico_float/float_init_rom_rp2040.c.o
 .ARM.attributes
                0x00000558       0x22 CMakeFiles/One_Shot.dir/home/ylo/.pico-sdk/sdk/2.1.0/src/rp2_common/pico_mem_ops/mem_ops_aeabi.S.o
 .ARM.attributes
                0x0000057a       0x2c CMakeFiles/One_Shot.dir/home/ylo/.pico-sdk/sdk/2.1.0/src/rp2_common/pico_standard_binary_info/standard_binary_info.c.o
 .ARM.attributes
                0x000005a6       0x2c CMakeFiles/One_Shot.dir/home/ylo/.pico-sdk/sdk/2.1.0/src/rp2_common/pico_printf/printf.c.o
 .ARM.attributes
                0x000005d2       0x22 CMakeFiles/One_Shot.dir/home/ylo/.pico-sdk/sdk/2.1.0/src/rp2_common/pico_crt0/crt0.S.o
 .ARM.attributes
                0x000005f4       0x2c CMakeFiles/One_Shot.dir/home/ylo/.pico-sdk/sdk/2.1.0/src/rp2_common/pico_clib_interface/newlib_interface.c.o
 .ARM.attributes